Archive member included to satisfy reference by file (symbol)

/usr/bin/../lib/gcc/arm-none-eabi/6.3.1/../../../../arm-none-eabi/lib/thumb/v7e-m/libc_nano.a(lib_a-exit.o)
                              /usr/bin/../lib/gcc/arm-none-eabi/6.3.1/../../../../arm-none-eabi/lib/thumb/v7e-m/crt0.o (exit)
/usr/bin/../lib/gcc/arm-none-eabi/6.3.1/../../../../arm-none-eabi/lib/thumb/v7e-m/libc_nano.a(lib_a-impure.o)
                              /usr/bin/../lib/gcc/arm-none-eabi/6.3.1/../../../../arm-none-eabi/lib/thumb/v7e-m/libc_nano.a(lib_a-exit.o) (_global_impure_ptr)
/usr/bin/../lib/gcc/arm-none-eabi/6.3.1/../../../../arm-none-eabi/lib/thumb/v7e-m/libc_nano.a(lib_a-init.o)
                              /usr/bin/../lib/gcc/arm-none-eabi/6.3.1/../../../../arm-none-eabi/lib/thumb/v7e-m/crt0.o (__libc_init_array)
/usr/bin/../lib/gcc/arm-none-eabi/6.3.1/../../../../arm-none-eabi/lib/thumb/v7e-m/libc_nano.a(lib_a-memset.o)
                              /usr/bin/../lib/gcc/arm-none-eabi/6.3.1/../../../../arm-none-eabi/lib/thumb/v7e-m/crt0.o (memset)
/usr/bin/../lib/gcc/arm-none-eabi/6.3.1/../../../../arm-none-eabi/lib/thumb/v7e-m/libnosys.a(_exit.o)
                              /usr/bin/../lib/gcc/arm-none-eabi/6.3.1/../../../../arm-none-eabi/lib/thumb/v7e-m/libc_nano.a(lib_a-exit.o) (_exit)

Discarded input sections

 .text          0x0000000000000000        0x0 /usr/bin/../lib/gcc/arm-none-eabi/6.3.1/thumb/v7e-m/crti.o
 .data          0x0000000000000000        0x0 /usr/bin/../lib/gcc/arm-none-eabi/6.3.1/thumb/v7e-m/crti.o
 .bss           0x0000000000000000        0x0 /usr/bin/../lib/gcc/arm-none-eabi/6.3.1/thumb/v7e-m/crti.o
 .data          0x0000000000000000        0x4 /usr/bin/../lib/gcc/arm-none-eabi/6.3.1/thumb/v7e-m/crtbegin.o
 .text          0x0000000000000000       0x74 /usr/bin/../lib/gcc/arm-none-eabi/6.3.1/../../../../arm-none-eabi/lib/thumb/v7e-m/crt0.o
 .data          0x0000000000000000        0x0 /usr/bin/../lib/gcc/arm-none-eabi/6.3.1/../../../../arm-none-eabi/lib/thumb/v7e-m/crt0.o
 .bss           0x0000000000000000        0x0 /usr/bin/../lib/gcc/arm-none-eabi/6.3.1/../../../../arm-none-eabi/lib/thumb/v7e-m/crt0.o
 .ARM.extab     0x0000000000000000        0x0 /usr/bin/../lib/gcc/arm-none-eabi/6.3.1/../../../../arm-none-eabi/lib/thumb/v7e-m/crt0.o
 .ARM.exidx     0x0000000000000000        0x8 /usr/bin/../lib/gcc/arm-none-eabi/6.3.1/../../../../arm-none-eabi/lib/thumb/v7e-m/crt0.o
 .ARM.attributes
                0x0000000000000000       0x1c /usr/bin/../lib/gcc/arm-none-eabi/6.3.1/../../../../arm-none-eabi/lib/thumb/v7e-m/crt0.o
 .group         0x0000000000000000        0x8 src/CMakeFiles/bosonBreakout.elf.dir/startup_samd51.c.o
 .group         0x0000000000000000        0x8 src/CMakeFiles/bosonBreakout.elf.dir/startup_samd51.c.o
 .group         0x0000000000000000        0x8 src/CMakeFiles/bosonBreakout.elf.dir/startup_samd51.c.o
 .group         0x0000000000000000        0x8 src/CMakeFiles/bosonBreakout.elf.dir/startup_samd51.c.o
 .group         0x0000000000000000        0x8 src/CMakeFiles/bosonBreakout.elf.dir/startup_samd51.c.o
 .group         0x0000000000000000        0x8 src/CMakeFiles/bosonBreakout.elf.dir/startup_samd51.c.o
 .group         0x0000000000000000        0x8 src/CMakeFiles/bosonBreakout.elf.dir/startup_samd51.c.o
 .group         0x0000000000000000        0x8 src/CMakeFiles/bosonBreakout.elf.dir/startup_samd51.c.o
 .group         0x0000000000000000        0x8 src/CMakeFiles/bosonBreakout.elf.dir/startup_samd51.c.o
 .group         0x0000000000000000        0x8 src/CMakeFiles/bosonBreakout.elf.dir/startup_samd51.c.o
 .group         0x0000000000000000        0x8 src/CMakeFiles/bosonBreakout.elf.dir/startup_samd51.c.o
 .group         0x0000000000000000        0x8 src/CMakeFiles/bosonBreakout.elf.dir/startup_samd51.c.o
 .group         0x0000000000000000        0x8 src/CMakeFiles/bosonBreakout.elf.dir/startup_samd51.c.o
 .group         0x0000000000000000        0x8 src/CMakeFiles/bosonBreakout.elf.dir/startup_samd51.c.o
 .group         0x0000000000000000        0x8 src/CMakeFiles/bosonBreakout.elf.dir/startup_samd51.c.o
 .group         0x0000000000000000        0x8 src/CMakeFiles/bosonBreakout.elf.dir/startup_samd51.c.o
 .group         0x0000000000000000        0x8 src/CMakeFiles/bosonBreakout.elf.dir/startup_samd51.c.o
 .group         0x0000000000000000        0x8 src/CMakeFiles/bosonBreakout.elf.dir/startup_samd51.c.o
 .group         0x0000000000000000        0x8 src/CMakeFiles/bosonBreakout.elf.dir/startup_samd51.c.o
 .group         0x0000000000000000        0x8 src/CMakeFiles/bosonBreakout.elf.dir/startup_samd51.c.o
 .group         0x0000000000000000        0x8 src/CMakeFiles/bosonBreakout.elf.dir/startup_samd51.c.o
 .group         0x0000000000000000        0x8 src/CMakeFiles/bosonBreakout.elf.dir/startup_samd51.c.o
 .group         0x0000000000000000        0x8 src/CMakeFiles/bosonBreakout.elf.dir/startup_samd51.c.o
 .group         0x0000000000000000        0x8 src/CMakeFiles/bosonBreakout.elf.dir/startup_samd51.c.o
 .group         0x0000000000000000        0x8 src/CMakeFiles/bosonBreakout.elf.dir/startup_samd51.c.o
 .group         0x0000000000000000        0x8 src/CMakeFiles/bosonBreakout.elf.dir/startup_samd51.c.o
 .group         0x0000000000000000        0x8 src/CMakeFiles/bosonBreakout.elf.dir/startup_samd51.c.o
 .group         0x0000000000000000        0x8 src/CMakeFiles/bosonBreakout.elf.dir/startup_samd51.c.o
 .group         0x0000000000000000        0x8 src/CMakeFiles/bosonBreakout.elf.dir/startup_samd51.c.o
 .group         0x0000000000000000        0x8 src/CMakeFiles/bosonBreakout.elf.dir/startup_samd51.c.o
 .group         0x0000000000000000        0x8 src/CMakeFiles/bosonBreakout.elf.dir/startup_samd51.c.o
 .group         0x0000000000000000        0x8 src/CMakeFiles/bosonBreakout.elf.dir/startup_samd51.c.o
 .group         0x0000000000000000        0x8 src/CMakeFiles/bosonBreakout.elf.dir/startup_samd51.c.o
 .group         0x0000000000000000        0x8 src/CMakeFiles/bosonBreakout.elf.dir/startup_samd51.c.o
 .group         0x0000000000000000        0x8 src/CMakeFiles/bosonBreakout.elf.dir/startup_samd51.c.o
 .group         0x0000000000000000        0x8 src/CMakeFiles/bosonBreakout.elf.dir/startup_samd51.c.o
 .group         0x0000000000000000        0x8 src/CMakeFiles/bosonBreakout.elf.dir/startup_samd51.c.o
 .group         0x0000000000000000        0x8 src/CMakeFiles/bosonBreakout.elf.dir/startup_samd51.c.o
 .group         0x0000000000000000        0x8 src/CMakeFiles/bosonBreakout.elf.dir/startup_samd51.c.o
 .group         0x0000000000000000        0x8 src/CMakeFiles/bosonBreakout.elf.dir/startup_samd51.c.o
 .group         0x0000000000000000        0x8 src/CMakeFiles/bosonBreakout.elf.dir/startup_samd51.c.o
 .group         0x0000000000000000        0x8 src/CMakeFiles/bosonBreakout.elf.dir/startup_samd51.c.o
 .group         0x0000000000000000        0x8 src/CMakeFiles/bosonBreakout.elf.dir/startup_samd51.c.o
 .group         0x0000000000000000        0x8 src/CMakeFiles/bosonBreakout.elf.dir/startup_samd51.c.o
 .group         0x0000000000000000        0x8 src/CMakeFiles/bosonBreakout.elf.dir/startup_samd51.c.o
 .group         0x0000000000000000        0x8 src/CMakeFiles/bosonBreakout.elf.dir/startup_samd51.c.o
 .group         0x0000000000000000        0x8 src/CMakeFiles/bosonBreakout.elf.dir/startup_samd51.c.o
 .group         0x0000000000000000        0x8 src/CMakeFiles/bosonBreakout.elf.dir/startup_samd51.c.o
 .group         0x0000000000000000        0x8 src/CMakeFiles/bosonBreakout.elf.dir/startup_samd51.c.o
 .group         0x0000000000000000        0x8 src/CMakeFiles/bosonBreakout.elf.dir/startup_samd51.c.o
 .group         0x0000000000000000        0x8 src/CMakeFiles/bosonBreakout.elf.dir/startup_samd51.c.o
 .group         0x0000000000000000        0x8 src/CMakeFiles/bosonBreakout.elf.dir/startup_samd51.c.o
 .group         0x0000000000000000        0x8 src/CMakeFiles/bosonBreakout.elf.dir/startup_samd51.c.o
 .group         0x0000000000000000        0x8 src/CMakeFiles/bosonBreakout.elf.dir/startup_samd51.c.o
 .group         0x0000000000000000        0x8 src/CMakeFiles/bosonBreakout.elf.dir/startup_samd51.c.o
 .group         0x0000000000000000        0x8 src/CMakeFiles/bosonBreakout.elf.dir/startup_samd51.c.o
 .group         0x0000000000000000        0x8 src/CMakeFiles/bosonBreakout.elf.dir/startup_samd51.c.o
 .group         0x0000000000000000        0x8 src/CMakeFiles/bosonBreakout.elf.dir/startup_samd51.c.o
 .group         0x0000000000000000        0x8 src/CMakeFiles/bosonBreakout.elf.dir/startup_samd51.c.o
 .group         0x0000000000000000        0x8 src/CMakeFiles/bosonBreakout.elf.dir/startup_samd51.c.o
 .group         0x0000000000000000        0x8 src/CMakeFiles/bosonBreakout.elf.dir/startup_samd51.c.o
 .group         0x0000000000000000        0x8 src/CMakeFiles/bosonBreakout.elf.dir/startup_samd51.c.o
 .group         0x0000000000000000        0x8 src/CMakeFiles/bosonBreakout.elf.dir/startup_samd51.c.o
 .group         0x0000000000000000        0x8 src/CMakeFiles/bosonBreakout.elf.dir/startup_samd51.c.o
 .group         0x0000000000000000        0x8 src/CMakeFiles/bosonBreakout.elf.dir/startup_samd51.c.o
 .group         0x0000000000000000        0x8 src/CMakeFiles/bosonBreakout.elf.dir/startup_samd51.c.o
 .group         0x0000000000000000        0x8 src/CMakeFiles/bosonBreakout.elf.dir/startup_samd51.c.o
 .group         0x0000000000000000        0x8 src/CMakeFiles/bosonBreakout.elf.dir/startup_samd51.c.o
 .group         0x0000000000000000        0x8 src/CMakeFiles/bosonBreakout.elf.dir/startup_samd51.c.o
 .group         0x0000000000000000        0x8 src/CMakeFiles/bosonBreakout.elf.dir/startup_samd51.c.o
 .group         0x0000000000000000        0x8 src/CMakeFiles/bosonBreakout.elf.dir/startup_samd51.c.o
 .group         0x0000000000000000        0x8 src/CMakeFiles/bosonBreakout.elf.dir/startup_samd51.c.o
 .group         0x0000000000000000        0x8 src/CMakeFiles/bosonBreakout.elf.dir/startup_samd51.c.o
 .group         0x0000000000000000        0x8 src/CMakeFiles/bosonBreakout.elf.dir/startup_samd51.c.o
 .group         0x0000000000000000        0x8 src/CMakeFiles/bosonBreakout.elf.dir/startup_samd51.c.o
 .group         0x0000000000000000        0x8 src/CMakeFiles/bosonBreakout.elf.dir/startup_samd51.c.o
 .group         0x0000000000000000        0x8 src/CMakeFiles/bosonBreakout.elf.dir/startup_samd51.c.o
 .group         0x0000000000000000        0x8 src/CMakeFiles/bosonBreakout.elf.dir/startup_samd51.c.o
 .group         0x0000000000000000        0x8 src/CMakeFiles/bosonBreakout.elf.dir/startup_samd51.c.o
 .group         0x0000000000000000        0x8 src/CMakeFiles/bosonBreakout.elf.dir/startup_samd51.c.o
 .group         0x0000000000000000        0x8 src/CMakeFiles/bosonBreakout.elf.dir/startup_samd51.c.o
 .group         0x0000000000000000        0x8 src/CMakeFiles/bosonBreakout.elf.dir/startup_samd51.c.o
 .group         0x0000000000000000        0x8 src/CMakeFiles/bosonBreakout.elf.dir/startup_samd51.c.o
 .group         0x0000000000000000        0x8 src/CMakeFiles/bosonBreakout.elf.dir/startup_samd51.c.o
 .group         0x0000000000000000        0x8 src/CMakeFiles/bosonBreakout.elf.dir/startup_samd51.c.o
 .group         0x0000000000000000        0x8 src/CMakeFiles/bosonBreakout.elf.dir/startup_samd51.c.o
 .group         0x0000000000000000        0x8 src/CMakeFiles/bosonBreakout.elf.dir/startup_samd51.c.o
 .group         0x0000000000000000        0x8 src/CMakeFiles/bosonBreakout.elf.dir/startup_samd51.c.o
 .group         0x0000000000000000        0x8 src/CMakeFiles/bosonBreakout.elf.dir/startup_samd51.c.o
 .group         0x0000000000000000        0x8 src/CMakeFiles/bosonBreakout.elf.dir/startup_samd51.c.o
 .group         0x0000000000000000        0x8 src/CMakeFiles/bosonBreakout.elf.dir/startup_samd51.c.o
 .group         0x0000000000000000        0x8 src/CMakeFiles/bosonBreakout.elf.dir/startup_samd51.c.o
 .group         0x0000000000000000        0x8 src/CMakeFiles/bosonBreakout.elf.dir/startup_samd51.c.o
 .text          0x0000000000000000        0x0 src/CMakeFiles/bosonBreakout.elf.dir/startup_samd51.c.o
 .data          0x0000000000000000        0x0 src/CMakeFiles/bosonBreakout.elf.dir/startup_samd51.c.o
 .bss           0x0000000000000000        0x0 src/CMakeFiles/bosonBreakout.elf.dir/startup_samd51.c.o
 .group         0x0000000000000000        0x8 src/CMakeFiles/bosonBreakout.elf.dir/system_samd51.c.o
 .group         0x0000000000000000        0x8 src/CMakeFiles/bosonBreakout.elf.dir/system_samd51.c.o
 .group         0x0000000000000000        0x8 src/CMakeFiles/bosonBreakout.elf.dir/system_samd51.c.o
 .group         0x0000000000000000        0x8 src/CMakeFiles/bosonBreakout.elf.dir/system_samd51.c.o
 .group         0x0000000000000000        0x8 src/CMakeFiles/bosonBreakout.elf.dir/system_samd51.c.o
 .group         0x0000000000000000        0x8 src/CMakeFiles/bosonBreakout.elf.dir/system_samd51.c.o
 .group         0x0000000000000000        0x8 src/CMakeFiles/bosonBreakout.elf.dir/system_samd51.c.o
 .group         0x0000000000000000        0x8 src/CMakeFiles/bosonBreakout.elf.dir/system_samd51.c.o
 .group         0x0000000000000000        0x8 src/CMakeFiles/bosonBreakout.elf.dir/system_samd51.c.o
 .group         0x0000000000000000        0x8 src/CMakeFiles/bosonBreakout.elf.dir/system_samd51.c.o
 .group         0x0000000000000000        0x8 src/CMakeFiles/bosonBreakout.elf.dir/system_samd51.c.o
 .group         0x0000000000000000        0x8 src/CMakeFiles/bosonBreakout.elf.dir/system_samd51.c.o
 .group         0x0000000000000000        0x8 src/CMakeFiles/bosonBreakout.elf.dir/system_samd51.c.o
 .group         0x0000000000000000        0x8 src/CMakeFiles/bosonBreakout.elf.dir/system_samd51.c.o
 .group         0x0000000000000000        0x8 src/CMakeFiles/bosonBreakout.elf.dir/system_samd51.c.o
 .group         0x0000000000000000        0x8 src/CMakeFiles/bosonBreakout.elf.dir/system_samd51.c.o
 .group         0x0000000000000000        0x8 src/CMakeFiles/bosonBreakout.elf.dir/system_samd51.c.o
 .group         0x0000000000000000        0x8 src/CMakeFiles/bosonBreakout.elf.dir/system_samd51.c.o
 .group         0x0000000000000000        0x8 src/CMakeFiles/bosonBreakout.elf.dir/system_samd51.c.o
 .group         0x0000000000000000        0x8 src/CMakeFiles/bosonBreakout.elf.dir/system_samd51.c.o
 .group         0x0000000000000000        0x8 src/CMakeFiles/bosonBreakout.elf.dir/system_samd51.c.o
 .group         0x0000000000000000        0x8 src/CMakeFiles/bosonBreakout.elf.dir/system_samd51.c.o
 .group         0x0000000000000000        0x8 src/CMakeFiles/bosonBreakout.elf.dir/system_samd51.c.o
 .group         0x0000000000000000        0x8 src/CMakeFiles/bosonBreakout.elf.dir/system_samd51.c.o
 .group         0x0000000000000000        0x8 src/CMakeFiles/bosonBreakout.elf.dir/system_samd51.c.o
 .group         0x0000000000000000        0x8 src/CMakeFiles/bosonBreakout.elf.dir/system_samd51.c.o
 .group         0x0000000000000000        0x8 src/CMakeFiles/bosonBreakout.elf.dir/system_samd51.c.o
 .group         0x0000000000000000        0x8 src/CMakeFiles/bosonBreakout.elf.dir/system_samd51.c.o
 .group         0x0000000000000000        0x8 src/CMakeFiles/bosonBreakout.elf.dir/system_samd51.c.o
 .group         0x0000000000000000        0x8 src/CMakeFiles/bosonBreakout.elf.dir/system_samd51.c.o
 .group         0x0000000000000000        0x8 src/CMakeFiles/bosonBreakout.elf.dir/system_samd51.c.o
 .group         0x0000000000000000        0x8 src/CMakeFiles/bosonBreakout.elf.dir/system_samd51.c.o
 .group         0x0000000000000000        0x8 src/CMakeFiles/bosonBreakout.elf.dir/system_samd51.c.o
 .group         0x0000000000000000        0x8 src/CMakeFiles/bosonBreakout.elf.dir/system_samd51.c.o
 .group         0x0000000000000000        0x8 src/CMakeFiles/bosonBreakout.elf.dir/system_samd51.c.o
 .group         0x0000000000000000        0x8 src/CMakeFiles/bosonBreakout.elf.dir/system_samd51.c.o
 .group         0x0000000000000000        0x8 src/CMakeFiles/bosonBreakout.elf.dir/system_samd51.c.o
 .group         0x0000000000000000        0x8 src/CMakeFiles/bosonBreakout.elf.dir/system_samd51.c.o
 .group         0x0000000000000000        0x8 src/CMakeFiles/bosonBreakout.elf.dir/system_samd51.c.o
 .group         0x0000000000000000        0x8 src/CMakeFiles/bosonBreakout.elf.dir/system_samd51.c.o
 .group         0x0000000000000000        0x8 src/CMakeFiles/bosonBreakout.elf.dir/system_samd51.c.o
 .group         0x0000000000000000        0x8 src/CMakeFiles/bosonBreakout.elf.dir/system_samd51.c.o
 .group         0x0000000000000000        0x8 src/CMakeFiles/bosonBreakout.elf.dir/system_samd51.c.o
 .group         0x0000000000000000        0x8 src/CMakeFiles/bosonBreakout.elf.dir/system_samd51.c.o
 .group         0x0000000000000000        0x8 src/CMakeFiles/bosonBreakout.elf.dir/system_samd51.c.o
 .group         0x0000000000000000        0x8 src/CMakeFiles/bosonBreakout.elf.dir/system_samd51.c.o
 .group         0x0000000000000000        0x8 src/CMakeFiles/bosonBreakout.elf.dir/system_samd51.c.o
 .group         0x0000000000000000        0x8 src/CMakeFiles/bosonBreakout.elf.dir/system_samd51.c.o
 .group         0x0000000000000000        0x8 src/CMakeFiles/bosonBreakout.elf.dir/system_samd51.c.o
 .group         0x0000000000000000        0x8 src/CMakeFiles/bosonBreakout.elf.dir/system_samd51.c.o
 .group         0x0000000000000000        0x8 src/CMakeFiles/bosonBreakout.elf.dir/system_samd51.c.o
 .group         0x0000000000000000        0x8 src/CMakeFiles/bosonBreakout.elf.dir/system_samd51.c.o
 .group         0x0000000000000000        0x8 src/CMakeFiles/bosonBreakout.elf.dir/system_samd51.c.o
 .group         0x0000000000000000        0x8 src/CMakeFiles/bosonBreakout.elf.dir/system_samd51.c.o
 .group         0x0000000000000000        0x8 src/CMakeFiles/bosonBreakout.elf.dir/system_samd51.c.o
 .group         0x0000000000000000        0x8 src/CMakeFiles/bosonBreakout.elf.dir/system_samd51.c.o
 .group         0x0000000000000000        0x8 src/CMakeFiles/bosonBreakout.elf.dir/system_samd51.c.o
 .group         0x0000000000000000        0x8 src/CMakeFiles/bosonBreakout.elf.dir/system_samd51.c.o
 .group         0x0000000000000000        0x8 src/CMakeFiles/bosonBreakout.elf.dir/system_samd51.c.o
 .group         0x0000000000000000        0x8 src/CMakeFiles/bosonBreakout.elf.dir/system_samd51.c.o
 .group         0x0000000000000000        0x8 src/CMakeFiles/bosonBreakout.elf.dir/system_samd51.c.o
 .group         0x0000000000000000        0x8 src/CMakeFiles/bosonBreakout.elf.dir/system_samd51.c.o
 .group         0x0000000000000000        0x8 src/CMakeFiles/bosonBreakout.elf.dir/system_samd51.c.o
 .group         0x0000000000000000        0x8 src/CMakeFiles/bosonBreakout.elf.dir/system_samd51.c.o
 .group         0x0000000000000000        0x8 src/CMakeFiles/bosonBreakout.elf.dir/system_samd51.c.o
 .group         0x0000000000000000        0x8 src/CMakeFiles/bosonBreakout.elf.dir/system_samd51.c.o
 .group         0x0000000000000000        0x8 src/CMakeFiles/bosonBreakout.elf.dir/system_samd51.c.o
 .group         0x0000000000000000        0x8 src/CMakeFiles/bosonBreakout.elf.dir/system_samd51.c.o
 .group         0x0000000000000000        0x8 src/CMakeFiles/bosonBreakout.elf.dir/system_samd51.c.o
 .group         0x0000000000000000        0x8 src/CMakeFiles/bosonBreakout.elf.dir/system_samd51.c.o
 .group         0x0000000000000000        0x8 src/CMakeFiles/bosonBreakout.elf.dir/system_samd51.c.o
 .group         0x0000000000000000        0x8 src/CMakeFiles/bosonBreakout.elf.dir/system_samd51.c.o
 .group         0x0000000000000000        0x8 src/CMakeFiles/bosonBreakout.elf.dir/system_samd51.c.o
 .group         0x0000000000000000        0x8 src/CMakeFiles/bosonBreakout.elf.dir/system_samd51.c.o
 .group         0x0000000000000000        0x8 src/CMakeFiles/bosonBreakout.elf.dir/system_samd51.c.o
 .group         0x0000000000000000        0x8 src/CMakeFiles/bosonBreakout.elf.dir/system_samd51.c.o
 .group         0x0000000000000000        0x8 src/CMakeFiles/bosonBreakout.elf.dir/system_samd51.c.o
 .group         0x0000000000000000        0x8 src/CMakeFiles/bosonBreakout.elf.dir/system_samd51.c.o
 .group         0x0000000000000000        0x8 src/CMakeFiles/bosonBreakout.elf.dir/system_samd51.c.o
 .group         0x0000000000000000        0x8 src/CMakeFiles/bosonBreakout.elf.dir/system_samd51.c.o
 .group         0x0000000000000000        0x8 src/CMakeFiles/bosonBreakout.elf.dir/system_samd51.c.o
 .group         0x0000000000000000        0x8 src/CMakeFiles/bosonBreakout.elf.dir/system_samd51.c.o
 .group         0x0000000000000000        0x8 src/CMakeFiles/bosonBreakout.elf.dir/system_samd51.c.o
 .group         0x0000000000000000        0x8 src/CMakeFiles/bosonBreakout.elf.dir/system_samd51.c.o
 .group         0x0000000000000000        0x8 src/CMakeFiles/bosonBreakout.elf.dir/system_samd51.c.o
 .group         0x0000000000000000        0x8 src/CMakeFiles/bosonBreakout.elf.dir/system_samd51.c.o
 .group         0x0000000000000000        0x8 src/CMakeFiles/bosonBreakout.elf.dir/system_samd51.c.o
 .group         0x0000000000000000        0x8 src/CMakeFiles/bosonBreakout.elf.dir/system_samd51.c.o
 .group         0x0000000000000000        0x8 src/CMakeFiles/bosonBreakout.elf.dir/system_samd51.c.o
 .group         0x0000000000000000        0x8 src/CMakeFiles/bosonBreakout.elf.dir/system_samd51.c.o
 .group         0x0000000000000000        0x8 src/CMakeFiles/bosonBreakout.elf.dir/system_samd51.c.o
 .group         0x0000000000000000        0x8 src/CMakeFiles/bosonBreakout.elf.dir/system_samd51.c.o
 .group         0x0000000000000000        0x8 src/CMakeFiles/bosonBreakout.elf.dir/system_samd51.c.o
 .text          0x0000000000000000        0x0 src/CMakeFiles/bosonBreakout.elf.dir/system_samd51.c.o
 .data          0x0000000000000000        0x0 src/CMakeFiles/bosonBreakout.elf.dir/system_samd51.c.o
 .bss           0x0000000000000000        0x0 src/CMakeFiles/bosonBreakout.elf.dir/system_samd51.c.o
 .text.SystemInit
                0x0000000000000000       0x10 src/CMakeFiles/bosonBreakout.elf.dir/system_samd51.c.o
 .text.SystemCoreClockUpdate
                0x0000000000000000       0x10 src/CMakeFiles/bosonBreakout.elf.dir/system_samd51.c.o
 .data.SystemCoreClock
                0x0000000000000000        0x4 src/CMakeFiles/bosonBreakout.elf.dir/system_samd51.c.o
 .debug_info    0x0000000000000000       0xd4 src/CMakeFiles/bosonBreakout.elf.dir/system_samd51.c.o
 .debug_abbrev  0x0000000000000000       0xa0 src/CMakeFiles/bosonBreakout.elf.dir/system_samd51.c.o
 .debug_aranges
                0x0000000000000000       0x20 src/CMakeFiles/bosonBreakout.elf.dir/system_samd51.c.o
 .debug_ranges  0x0000000000000000       0x10 src/CMakeFiles/bosonBreakout.elf.dir/system_samd51.c.o
 .debug_macro   0x0000000000000000      0x3ce src/CMakeFiles/bosonBreakout.elf.dir/system_samd51.c.o
 .debug_macro   0x0000000000000000      0x8c8 src/CMakeFiles/bosonBreakout.elf.dir/system_samd51.c.o
 .debug_macro   0x0000000000000000      0x34e src/CMakeFiles/bosonBreakout.elf.dir/system_samd51.c.o
 .debug_macro   0x0000000000000000       0x55 src/CMakeFiles/bosonBreakout.elf.dir/system_samd51.c.o
 .debug_macro   0x0000000000000000       0x3b src/CMakeFiles/bosonBreakout.elf.dir/system_samd51.c.o
 .debug_macro   0x0000000000000000       0x2d src/CMakeFiles/bosonBreakout.elf.dir/system_samd51.c.o
 .debug_macro   0x0000000000000000       0x26 src/CMakeFiles/bosonBreakout.elf.dir/system_samd51.c.o
 .debug_macro   0x0000000000000000      0xd39 src/CMakeFiles/bosonBreakout.elf.dir/system_samd51.c.o
 .debug_macro   0x0000000000000000      0x706 src/CMakeFiles/bosonBreakout.elf.dir/system_samd51.c.o
 .debug_macro   0x0000000000000000      0xb5b src/CMakeFiles/bosonBreakout.elf.dir/system_samd51.c.o
 .debug_macro   0x0000000000000000      0x3c0 src/CMakeFiles/bosonBreakout.elf.dir/system_samd51.c.o
 .debug_macro   0x0000000000000000      0x336 src/CMakeFiles/bosonBreakout.elf.dir/system_samd51.c.o
 .debug_macro   0x0000000000000000      0x3b7 src/CMakeFiles/bosonBreakout.elf.dir/system_samd51.c.o
 .debug_macro   0x0000000000000000      0x668 src/CMakeFiles/bosonBreakout.elf.dir/system_samd51.c.o
 .debug_macro   0x0000000000000000     0x143f src/CMakeFiles/bosonBreakout.elf.dir/system_samd51.c.o
 .debug_macro   0x0000000000000000      0xf20 src/CMakeFiles/bosonBreakout.elf.dir/system_samd51.c.o
 .debug_macro   0x0000000000000000      0x67b src/CMakeFiles/bosonBreakout.elf.dir/system_samd51.c.o
 .debug_macro   0x0000000000000000      0x6d7 src/CMakeFiles/bosonBreakout.elf.dir/system_samd51.c.o
 .debug_macro   0x0000000000000000      0x172 src/CMakeFiles/bosonBreakout.elf.dir/system_samd51.c.o
 .debug_macro   0x0000000000000000      0x395 src/CMakeFiles/bosonBreakout.elf.dir/system_samd51.c.o
 .debug_macro   0x0000000000000000       0x3a src/CMakeFiles/bosonBreakout.elf.dir/system_samd51.c.o
 .debug_macro   0x0000000000000000      0x72a src/CMakeFiles/bosonBreakout.elf.dir/system_samd51.c.o
 .debug_macro   0x0000000000000000      0x5ad src/CMakeFiles/bosonBreakout.elf.dir/system_samd51.c.o
 .debug_macro   0x0000000000000000      0xcdf src/CMakeFiles/bosonBreakout.elf.dir/system_samd51.c.o
 .debug_macro   0x0000000000000000      0x9b9 src/CMakeFiles/bosonBreakout.elf.dir/system_samd51.c.o
 .debug_macro   0x0000000000000000      0x2a3 src/CMakeFiles/bosonBreakout.elf.dir/system_samd51.c.o
 .debug_macro   0x0000000000000000      0x893 src/CMakeFiles/bosonBreakout.elf.dir/system_samd51.c.o
 .debug_macro   0x0000000000000000      0x1ea src/CMakeFiles/bosonBreakout.elf.dir/system_samd51.c.o
 .debug_macro   0x0000000000000000      0x8f4 src/CMakeFiles/bosonBreakout.elf.dir/system_samd51.c.o
 .debug_macro   0x0000000000000000      0x216 src/CMakeFiles/bosonBreakout.elf.dir/system_samd51.c.o
 .debug_macro   0x0000000000000000      0x3f9 src/CMakeFiles/bosonBreakout.elf.dir/system_samd51.c.o
 .debug_macro   0x0000000000000000      0x620 src/CMakeFiles/bosonBreakout.elf.dir/system_samd51.c.o
 .debug_macro   0x0000000000000000      0x10d src/CMakeFiles/bosonBreakout.elf.dir/system_samd51.c.o
 .debug_macro   0x0000000000000000       0xb8 src/CMakeFiles/bosonBreakout.elf.dir/system_samd51.c.o
 .debug_macro   0x0000000000000000     0x1df7 src/CMakeFiles/bosonBreakout.elf.dir/system_samd51.c.o
 .debug_macro   0x0000000000000000     0x2e69 src/CMakeFiles/bosonBreakout.elf.dir/system_samd51.c.o
 .debug_macro   0x0000000000000000     0x11ed src/CMakeFiles/bosonBreakout.elf.dir/system_samd51.c.o
 .debug_macro   0x0000000000000000      0x752 src/CMakeFiles/bosonBreakout.elf.dir/system_samd51.c.o
 .debug_macro   0x0000000000000000     0x180c src/CMakeFiles/bosonBreakout.elf.dir/system_samd51.c.o
 .debug_macro   0x0000000000000000      0x930 src/CMakeFiles/bosonBreakout.elf.dir/system_samd51.c.o
 .debug_macro   0x0000000000000000     0x1ad8 src/CMakeFiles/bosonBreakout.elf.dir/system_samd51.c.o
 .debug_macro   0x0000000000000000       0xe7 src/CMakeFiles/bosonBreakout.elf.dir/system_samd51.c.o
 .debug_macro   0x0000000000000000     0x13e6 src/CMakeFiles/bosonBreakout.elf.dir/system_samd51.c.o
 .debug_macro   0x0000000000000000      0x36a src/CMakeFiles/bosonBreakout.elf.dir/system_samd51.c.o
 .debug_macro   0x0000000000000000       0x94 src/CMakeFiles/bosonBreakout.elf.dir/system_samd51.c.o
 .debug_macro   0x0000000000000000       0xdc src/CMakeFiles/bosonBreakout.elf.dir/system_samd51.c.o
 .debug_macro   0x0000000000000000       0xe2 src/CMakeFiles/bosonBreakout.elf.dir/system_samd51.c.o
 .debug_macro   0x0000000000000000       0xdc src/CMakeFiles/bosonBreakout.elf.dir/system_samd51.c.o
 .debug_macro   0x0000000000000000       0x46 src/CMakeFiles/bosonBreakout.elf.dir/system_samd51.c.o
 .debug_macro   0x0000000000000000       0x4c src/CMakeFiles/bosonBreakout.elf.dir/system_samd51.c.o
 .debug_macro   0x0000000000000000       0xc4 src/CMakeFiles/bosonBreakout.elf.dir/system_samd51.c.o
 .debug_macro   0x0000000000000000      0x7d5 src/CMakeFiles/bosonBreakout.elf.dir/system_samd51.c.o
 .debug_macro   0x0000000000000000      0x106 src/CMakeFiles/bosonBreakout.elf.dir/system_samd51.c.o
 .debug_macro   0x0000000000000000       0x7c src/CMakeFiles/bosonBreakout.elf.dir/system_samd51.c.o
 .debug_macro   0x0000000000000000      0xc2e src/CMakeFiles/bosonBreakout.elf.dir/system_samd51.c.o
 .debug_macro   0x0000000000000000       0x46 src/CMakeFiles/bosonBreakout.elf.dir/system_samd51.c.o
 .debug_macro   0x0000000000000000      0x25b src/CMakeFiles/bosonBreakout.elf.dir/system_samd51.c.o
 .debug_macro   0x0000000000000000      0x170 src/CMakeFiles/bosonBreakout.elf.dir/system_samd51.c.o
 .debug_macro   0x0000000000000000       0x7c src/CMakeFiles/bosonBreakout.elf.dir/system_samd51.c.o
 .debug_macro   0x0000000000000000       0x4c src/CMakeFiles/bosonBreakout.elf.dir/system_samd51.c.o
 .debug_macro   0x0000000000000000       0x82 src/CMakeFiles/bosonBreakout.elf.dir/system_samd51.c.o
 .debug_macro   0x0000000000000000      0x1a3 src/CMakeFiles/bosonBreakout.elf.dir/system_samd51.c.o
 .debug_macro   0x0000000000000000       0x46 src/CMakeFiles/bosonBreakout.elf.dir/system_samd51.c.o
 .debug_macro   0x0000000000000000       0x6a src/CMakeFiles/bosonBreakout.elf.dir/system_samd51.c.o
 .debug_macro   0x0000000000000000       0x46 src/CMakeFiles/bosonBreakout.elf.dir/system_samd51.c.o
 .debug_macro   0x0000000000000000       0x88 src/CMakeFiles/bosonBreakout.elf.dir/system_samd51.c.o
 .debug_macro   0x0000000000000000       0x46 src/CMakeFiles/bosonBreakout.elf.dir/system_samd51.c.o
 .debug_macro   0x0000000000000000      0x24e src/CMakeFiles/bosonBreakout.elf.dir/system_samd51.c.o
 .debug_macro   0x0000000000000000       0x76 src/CMakeFiles/bosonBreakout.elf.dir/system_samd51.c.o
 .debug_macro   0x0000000000000000       0x3a src/CMakeFiles/bosonBreakout.elf.dir/system_samd51.c.o
 .debug_macro   0x0000000000000000       0x2e src/CMakeFiles/bosonBreakout.elf.dir/system_samd51.c.o
 .debug_macro   0x0000000000000000      0x196 src/CMakeFiles/bosonBreakout.elf.dir/system_samd51.c.o
 .debug_macro   0x0000000000000000      0x16f src/CMakeFiles/bosonBreakout.elf.dir/system_samd51.c.o
 .debug_macro   0x0000000000000000      0x25d src/CMakeFiles/bosonBreakout.elf.dir/system_samd51.c.o
 .debug_macro   0x0000000000000000      0x25d src/CMakeFiles/bosonBreakout.elf.dir/system_samd51.c.o
 .debug_macro   0x0000000000000000      0x25d src/CMakeFiles/bosonBreakout.elf.dir/system_samd51.c.o
 .debug_macro   0x0000000000000000      0x25d src/CMakeFiles/bosonBreakout.elf.dir/system_samd51.c.o
 .debug_macro   0x0000000000000000      0x25d src/CMakeFiles/bosonBreakout.elf.dir/system_samd51.c.o
 .debug_macro   0x0000000000000000      0x25d src/CMakeFiles/bosonBreakout.elf.dir/system_samd51.c.o
 .debug_macro   0x0000000000000000       0x58 src/CMakeFiles/bosonBreakout.elf.dir/system_samd51.c.o
 .debug_macro   0x0000000000000000      0x711 src/CMakeFiles/bosonBreakout.elf.dir/system_samd51.c.o
 .debug_macro   0x0000000000000000       0xfa src/CMakeFiles/bosonBreakout.elf.dir/system_samd51.c.o
 .debug_macro   0x0000000000000000       0xfa src/CMakeFiles/bosonBreakout.elf.dir/system_samd51.c.o
 .debug_macro   0x0000000000000000       0xfa src/CMakeFiles/bosonBreakout.elf.dir/system_samd51.c.o
 .debug_macro   0x0000000000000000       0xfa src/CMakeFiles/bosonBreakout.elf.dir/system_samd51.c.o
 .debug_macro   0x0000000000000000      0x148 src/CMakeFiles/bosonBreakout.elf.dir/system_samd51.c.o
 .debug_macro   0x0000000000000000      0x124 src/CMakeFiles/bosonBreakout.elf.dir/system_samd51.c.o
 .debug_macro   0x0000000000000000      0x106 src/CMakeFiles/bosonBreakout.elf.dir/system_samd51.c.o
 .debug_macro   0x0000000000000000       0x2e src/CMakeFiles/bosonBreakout.elf.dir/system_samd51.c.o
 .debug_macro   0x0000000000000000      0x46a src/CMakeFiles/bosonBreakout.elf.dir/system_samd51.c.o
 .debug_macro   0x0000000000000000       0x3a src/CMakeFiles/bosonBreakout.elf.dir/system_samd51.c.o
 .debug_macro   0x0000000000000000      0x591 src/CMakeFiles/bosonBreakout.elf.dir/system_samd51.c.o
 .debug_macro   0x0000000000000000     0x232c src/CMakeFiles/bosonBreakout.elf.dir/system_samd51.c.o
 .debug_macro   0x0000000000000000       0xcf src/CMakeFiles/bosonBreakout.elf.dir/system_samd51.c.o
 .debug_line    0x0000000000000000      0x4d3 src/CMakeFiles/bosonBreakout.elf.dir/system_samd51.c.o
 .debug_str     0x0000000000000000    0xcb809 src/CMakeFiles/bosonBreakout.elf.dir/system_samd51.c.o
 .comment       0x0000000000000000       0x80 src/CMakeFiles/bosonBreakout.elf.dir/system_samd51.c.o
 .debug_frame   0x0000000000000000       0x30 src/CMakeFiles/bosonBreakout.elf.dir/system_samd51.c.o
 .ARM.attributes
                0x0000000000000000       0x33 src/CMakeFiles/bosonBreakout.elf.dir/system_samd51.c.o
 .group         0x0000000000000000        0x8 src/CMakeFiles/bosonBreakout.elf.dir/bosonBreakout/main.cpp.o
 .group         0x0000000000000000        0x8 src/CMakeFiles/bosonBreakout.elf.dir/bosonBreakout/main.cpp.o
 .group         0x0000000000000000        0x8 src/CMakeFiles/bosonBreakout.elf.dir/bosonBreakout/main.cpp.o
 .group         0x0000000000000000        0x8 src/CMakeFiles/bosonBreakout.elf.dir/bosonBreakout/main.cpp.o
 .group         0x0000000000000000        0x8 src/CMakeFiles/bosonBreakout.elf.dir/bosonBreakout/main.cpp.o
 .group         0x0000000000000000        0x8 src/CMakeFiles/bosonBreakout.elf.dir/bosonBreakout/main.cpp.o
 .group         0x0000000000000000        0x8 src/CMakeFiles/bosonBreakout.elf.dir/bosonBreakout/main.cpp.o
 .group         0x0000000000000000        0x8 src/CMakeFiles/bosonBreakout.elf.dir/bosonBreakout/main.cpp.o
 .group         0x0000000000000000        0x8 src/CMakeFiles/bosonBreakout.elf.dir/bosonBreakout/main.cpp.o
 .group         0x0000000000000000        0x8 src/CMakeFiles/bosonBreakout.elf.dir/bosonBreakout/main.cpp.o
 .group         0x0000000000000000        0x8 src/CMakeFiles/bosonBreakout.elf.dir/bosonBreakout/main.cpp.o
 .group         0x0000000000000000        0x8 src/CMakeFiles/bosonBreakout.elf.dir/bosonBreakout/main.cpp.o
 .group         0x0000000000000000        0x8 src/CMakeFiles/bosonBreakout.elf.dir/bosonBreakout/main.cpp.o
 .group         0x0000000000000000        0x8 src/CMakeFiles/bosonBreakout.elf.dir/bosonBreakout/main.cpp.o
 .group         0x0000000000000000        0x8 src/CMakeFiles/bosonBreakout.elf.dir/bosonBreakout/main.cpp.o
 .group         0x0000000000000000        0x8 src/CMakeFiles/bosonBreakout.elf.dir/bosonBreakout/main.cpp.o
 .group         0x0000000000000000        0x8 src/CMakeFiles/bosonBreakout.elf.dir/bosonBreakout/main.cpp.o
 .group         0x0000000000000000        0x8 src/CMakeFiles/bosonBreakout.elf.dir/bosonBreakout/main.cpp.o
 .group         0x0000000000000000        0x8 src/CMakeFiles/bosonBreakout.elf.dir/bosonBreakout/main.cpp.o
 .group         0x0000000000000000        0x8 src/CMakeFiles/bosonBreakout.elf.dir/bosonBreakout/main.cpp.o
 .group         0x0000000000000000        0x8 src/CMakeFiles/bosonBreakout.elf.dir/bosonBreakout/main.cpp.o
 .group         0x0000000000000000        0x8 src/CMakeFiles/bosonBreakout.elf.dir/bosonBreakout/main.cpp.o
 .group         0x0000000000000000        0x8 src/CMakeFiles/bosonBreakout.elf.dir/bosonBreakout/main.cpp.o
 .group         0x0000000000000000        0x8 src/CMakeFiles/bosonBreakout.elf.dir/bosonBreakout/main.cpp.o
 .group         0x0000000000000000        0x8 src/CMakeFiles/bosonBreakout.elf.dir/bosonBreakout/main.cpp.o
 .group         0x0000000000000000        0x8 src/CMakeFiles/bosonBreakout.elf.dir/bosonBreakout/main.cpp.o
 .group         0x0000000000000000        0x8 src/CMakeFiles/bosonBreakout.elf.dir/bosonBreakout/main.cpp.o
 .group         0x0000000000000000        0x8 src/CMakeFiles/bosonBreakout.elf.dir/bosonBreakout/main.cpp.o
 .group         0x0000000000000000        0x8 src/CMakeFiles/bosonBreakout.elf.dir/bosonBreakout/main.cpp.o
 .group         0x0000000000000000        0x8 src/CMakeFiles/bosonBreakout.elf.dir/bosonBreakout/main.cpp.o
 .group         0x0000000000000000        0x8 src/CMakeFiles/bosonBreakout.elf.dir/bosonBreakout/main.cpp.o
 .group         0x0000000000000000        0x8 src/CMakeFiles/bosonBreakout.elf.dir/bosonBreakout/main.cpp.o
 .group         0x0000000000000000        0x8 src/CMakeFiles/bosonBreakout.elf.dir/bosonBreakout/main.cpp.o
 .group         0x0000000000000000        0x8 src/CMakeFiles/bosonBreakout.elf.dir/bosonBreakout/main.cpp.o
 .group         0x0000000000000000        0x8 src/CMakeFiles/bosonBreakout.elf.dir/bosonBreakout/main.cpp.o
 .group         0x0000000000000000        0x8 src/CMakeFiles/bosonBreakout.elf.dir/bosonBreakout/main.cpp.o
 .group         0x0000000000000000        0x8 src/CMakeFiles/bosonBreakout.elf.dir/bosonBreakout/main.cpp.o
 .group         0x0000000000000000        0x8 src/CMakeFiles/bosonBreakout.elf.dir/bosonBreakout/main.cpp.o
 .group         0x0000000000000000        0x8 src/CMakeFiles/bosonBreakout.elf.dir/bosonBreakout/main.cpp.o
 .group         0x0000000000000000        0x8 src/CMakeFiles/bosonBreakout.elf.dir/bosonBreakout/main.cpp.o
 .group         0x0000000000000000        0x8 src/CMakeFiles/bosonBreakout.elf.dir/bosonBreakout/main.cpp.o
 .group         0x0000000000000000        0x8 src/CMakeFiles/bosonBreakout.elf.dir/bosonBreakout/main.cpp.o
 .group         0x0000000000000000        0x8 src/CMakeFiles/bosonBreakout.elf.dir/bosonBreakout/main.cpp.o
 .group         0x0000000000000000        0x8 src/CMakeFiles/bosonBreakout.elf.dir/bosonBreakout/main.cpp.o
 .group         0x0000000000000000        0x8 src/CMakeFiles/bosonBreakout.elf.dir/bosonBreakout/main.cpp.o
 .group         0x0000000000000000        0x8 src/CMakeFiles/bosonBreakout.elf.dir/bosonBreakout/main.cpp.o
 .group         0x0000000000000000        0x8 src/CMakeFiles/bosonBreakout.elf.dir/bosonBreakout/main.cpp.o
 .group         0x0000000000000000        0x8 src/CMakeFiles/bosonBreakout.elf.dir/bosonBreakout/main.cpp.o
 .group         0x0000000000000000        0x8 src/CMakeFiles/bosonBreakout.elf.dir/bosonBreakout/main.cpp.o
 .group         0x0000000000000000        0x8 src/CMakeFiles/bosonBreakout.elf.dir/bosonBreakout/main.cpp.o
 .group         0x0000000000000000        0x8 src/CMakeFiles/bosonBreakout.elf.dir/bosonBreakout/main.cpp.o
 .group         0x0000000000000000        0x8 src/CMakeFiles/bosonBreakout.elf.dir/bosonBreakout/main.cpp.o
 .group         0x0000000000000000        0x8 src/CMakeFiles/bosonBreakout.elf.dir/bosonBreakout/main.cpp.o
 .group         0x0000000000000000        0x8 src/CMakeFiles/bosonBreakout.elf.dir/bosonBreakout/main.cpp.o
 .group         0x0000000000000000        0x8 src/CMakeFiles/bosonBreakout.elf.dir/bosonBreakout/main.cpp.o
 .group         0x0000000000000000        0x8 src/CMakeFiles/bosonBreakout.elf.dir/bosonBreakout/main.cpp.o
 .group         0x0000000000000000        0x8 src/CMakeFiles/bosonBreakout.elf.dir/bosonBreakout/main.cpp.o
 .group         0x0000000000000000        0x8 src/CMakeFiles/bosonBreakout.elf.dir/bosonBreakout/main.cpp.o
 .group         0x0000000000000000        0x8 src/CMakeFiles/bosonBreakout.elf.dir/bosonBreakout/main.cpp.o
 .group         0x0000000000000000        0x8 src/CMakeFiles/bosonBreakout.elf.dir/bosonBreakout/main.cpp.o
 .group         0x0000000000000000        0x8 src/CMakeFiles/bosonBreakout.elf.dir/bosonBreakout/main.cpp.o
 .group         0x0000000000000000        0x8 src/CMakeFiles/bosonBreakout.elf.dir/bosonBreakout/main.cpp.o
 .group         0x0000000000000000        0x8 src/CMakeFiles/bosonBreakout.elf.dir/bosonBreakout/main.cpp.o
 .group         0x0000000000000000        0x8 src/CMakeFiles/bosonBreakout.elf.dir/bosonBreakout/main.cpp.o
 .group         0x0000000000000000        0x8 src/CMakeFiles/bosonBreakout.elf.dir/bosonBreakout/main.cpp.o
 .group         0x0000000000000000        0x8 src/CMakeFiles/bosonBreakout.elf.dir/bosonBreakout/main.cpp.o
 .group         0x0000000000000000        0x8 src/CMakeFiles/bosonBreakout.elf.dir/bosonBreakout/main.cpp.o
 .group         0x0000000000000000        0x8 src/CMakeFiles/bosonBreakout.elf.dir/bosonBreakout/main.cpp.o
 .group         0x0000000000000000        0x8 src/CMakeFiles/bosonBreakout.elf.dir/bosonBreakout/main.cpp.o
 .group         0x0000000000000000        0x8 src/CMakeFiles/bosonBreakout.elf.dir/bosonBreakout/main.cpp.o
 .group         0x0000000000000000        0x8 src/CMakeFiles/bosonBreakout.elf.dir/bosonBreakout/main.cpp.o
 .group         0x0000000000000000        0x8 src/CMakeFiles/bosonBreakout.elf.dir/bosonBreakout/main.cpp.o
 .group         0x0000000000000000        0x8 src/CMakeFiles/bosonBreakout.elf.dir/bosonBreakout/main.cpp.o
 .group         0x0000000000000000        0x8 src/CMakeFiles/bosonBreakout.elf.dir/bosonBreakout/main.cpp.o
 .group         0x0000000000000000        0x8 src/CMakeFiles/bosonBreakout.elf.dir/bosonBreakout/main.cpp.o
 .group         0x0000000000000000        0x8 src/CMakeFiles/bosonBreakout.elf.dir/bosonBreakout/main.cpp.o
 .group         0x0000000000000000        0x8 src/CMakeFiles/bosonBreakout.elf.dir/bosonBreakout/main.cpp.o
 .group         0x0000000000000000        0x8 src/CMakeFiles/bosonBreakout.elf.dir/bosonBreakout/main.cpp.o
 .group         0x0000000000000000        0x8 src/CMakeFiles/bosonBreakout.elf.dir/bosonBreakout/main.cpp.o
 .group         0x0000000000000000        0x8 src/CMakeFiles/bosonBreakout.elf.dir/bosonBreakout/main.cpp.o
 .group         0x0000000000000000        0x8 src/CMakeFiles/bosonBreakout.elf.dir/bosonBreakout/main.cpp.o
 .group         0x0000000000000000        0x8 src/CMakeFiles/bosonBreakout.elf.dir/bosonBreakout/main.cpp.o
 .group         0x0000000000000000        0x8 src/CMakeFiles/bosonBreakout.elf.dir/bosonBreakout/main.cpp.o
 .group         0x0000000000000000        0x8 src/CMakeFiles/bosonBreakout.elf.dir/bosonBreakout/main.cpp.o
 .group         0x0000000000000000        0x8 src/CMakeFiles/bosonBreakout.elf.dir/bosonBreakout/main.cpp.o
 .group         0x0000000000000000        0x8 src/CMakeFiles/bosonBreakout.elf.dir/bosonBreakout/main.cpp.o
 .group         0x0000000000000000        0x8 src/CMakeFiles/bosonBreakout.elf.dir/bosonBreakout/main.cpp.o
 .group         0x0000000000000000        0x8 src/CMakeFiles/bosonBreakout.elf.dir/bosonBreakout/main.cpp.o
 .group         0x0000000000000000        0x8 src/CMakeFiles/bosonBreakout.elf.dir/bosonBreakout/main.cpp.o
 .group         0x0000000000000000        0x8 src/CMakeFiles/bosonBreakout.elf.dir/bosonBreakout/main.cpp.o
 .group         0x0000000000000000        0x8 src/CMakeFiles/bosonBreakout.elf.dir/bosonBreakout/main.cpp.o
 .group         0x0000000000000000        0x8 src/CMakeFiles/bosonBreakout.elf.dir/bosonBreakout/main.cpp.o
 .group         0x0000000000000000        0x8 src/CMakeFiles/bosonBreakout.elf.dir/bosonBreakout/main.cpp.o
 .group         0x0000000000000000        0x8 src/CMakeFiles/bosonBreakout.elf.dir/bosonBreakout/main.cpp.o
 .group         0x0000000000000000        0x8 src/CMakeFiles/bosonBreakout.elf.dir/bosonBreakout/main.cpp.o
 .group         0x0000000000000000        0x8 src/CMakeFiles/bosonBreakout.elf.dir/bosonBreakout/main.cpp.o
 .group         0x0000000000000000        0x8 src/CMakeFiles/bosonBreakout.elf.dir/bosonBreakout/main.cpp.o
 .group         0x0000000000000000        0x8 src/CMakeFiles/bosonBreakout.elf.dir/bosonBreakout/main.cpp.o
 .group         0x0000000000000000        0x8 src/CMakeFiles/bosonBreakout.elf.dir/bosonBreakout/main.cpp.o
 .group         0x0000000000000000        0x8 src/CMakeFiles/bosonBreakout.elf.dir/bosonBreakout/main.cpp.o
 .group         0x0000000000000000        0x8 src/CMakeFiles/bosonBreakout.elf.dir/bosonBreakout/main.cpp.o
 .group         0x0000000000000000        0x8 src/CMakeFiles/bosonBreakout.elf.dir/bosonBreakout/main.cpp.o
 .group         0x0000000000000000        0x8 src/CMakeFiles/bosonBreakout.elf.dir/bosonBreakout/main.cpp.o
 .group         0x0000000000000000        0x8 src/CMakeFiles/bosonBreakout.elf.dir/bosonBreakout/main.cpp.o
 .group         0x0000000000000000        0x8 src/CMakeFiles/bosonBreakout.elf.dir/bosonBreakout/main.cpp.o
 .group         0x0000000000000000        0x8 src/CMakeFiles/bosonBreakout.elf.dir/bosonBreakout/main.cpp.o
 .group         0x0000000000000000        0x8 src/CMakeFiles/bosonBreakout.elf.dir/bosonBreakout/main.cpp.o
 .group         0x0000000000000000        0x8 src/CMakeFiles/bosonBreakout.elf.dir/bosonBreakout/main.cpp.o
 .group         0x0000000000000000        0x8 src/CMakeFiles/bosonBreakout.elf.dir/bosonBreakout/main.cpp.o
 .group         0x0000000000000000        0x8 src/CMakeFiles/bosonBreakout.elf.dir/bosonBreakout/main.cpp.o
 .group         0x0000000000000000        0x8 src/CMakeFiles/bosonBreakout.elf.dir/bosonBreakout/main.cpp.o
 .group         0x0000000000000000        0x8 src/CMakeFiles/bosonBreakout.elf.dir/bosonBreakout/main.cpp.o
 .group         0x0000000000000000        0x8 src/CMakeFiles/bosonBreakout.elf.dir/bosonBreakout/main.cpp.o
 .group         0x0000000000000000        0x8 src/CMakeFiles/bosonBreakout.elf.dir/bosonBreakout/main.cpp.o
 .group         0x0000000000000000        0x8 src/CMakeFiles/bosonBreakout.elf.dir/bosonBreakout/main.cpp.o
 .group         0x0000000000000000        0x8 src/CMakeFiles/bosonBreakout.elf.dir/bosonBreakout/main.cpp.o
 .group         0x0000000000000000        0x8 src/CMakeFiles/bosonBreakout.elf.dir/bosonBreakout/main.cpp.o
 .group         0x0000000000000000        0x8 src/CMakeFiles/bosonBreakout.elf.dir/bosonBreakout/main.cpp.o
 .group         0x0000000000000000        0x8 src/CMakeFiles/bosonBreakout.elf.dir/bosonBreakout/main.cpp.o
 .group         0x0000000000000000        0x8 src/CMakeFiles/bosonBreakout.elf.dir/bosonBreakout/main.cpp.o
 .text          0x0000000000000000        0x0 src/CMakeFiles/bosonBreakout.elf.dir/bosonBreakout/main.cpp.o
 .data          0x0000000000000000        0x0 src/CMakeFiles/bosonBreakout.elf.dir/bosonBreakout/main.cpp.o
 .bss           0x0000000000000000        0x0 src/CMakeFiles/bosonBreakout.elf.dir/bosonBreakout/main.cpp.o
 .debug_macro   0x0000000000000000      0x34e src/CMakeFiles/bosonBreakout.elf.dir/bosonBreakout/main.cpp.o
 .debug_macro   0x0000000000000000       0x55 src/CMakeFiles/bosonBreakout.elf.dir/bosonBreakout/main.cpp.o
 .debug_macro   0x0000000000000000       0x3b src/CMakeFiles/bosonBreakout.elf.dir/bosonBreakout/main.cpp.o
 .debug_macro   0x0000000000000000       0x2d src/CMakeFiles/bosonBreakout.elf.dir/bosonBreakout/main.cpp.o
 .debug_macro   0x0000000000000000       0x26 src/CMakeFiles/bosonBreakout.elf.dir/bosonBreakout/main.cpp.o
 .debug_macro   0x0000000000000000      0x706 src/CMakeFiles/bosonBreakout.elf.dir/bosonBreakout/main.cpp.o
 .debug_macro   0x0000000000000000      0xb5b src/CMakeFiles/bosonBreakout.elf.dir/bosonBreakout/main.cpp.o
 .debug_macro   0x0000000000000000      0x3c0 src/CMakeFiles/bosonBreakout.elf.dir/bosonBreakout/main.cpp.o
 .debug_macro   0x0000000000000000      0x336 src/CMakeFiles/bosonBreakout.elf.dir/bosonBreakout/main.cpp.o
 .debug_macro   0x0000000000000000      0x3b7 src/CMakeFiles/bosonBreakout.elf.dir/bosonBreakout/main.cpp.o
 .debug_macro   0x0000000000000000      0x668 src/CMakeFiles/bosonBreakout.elf.dir/bosonBreakout/main.cpp.o
 .debug_macro   0x0000000000000000     0x143f src/CMakeFiles/bosonBreakout.elf.dir/bosonBreakout/main.cpp.o
 .debug_macro   0x0000000000000000      0xf20 src/CMakeFiles/bosonBreakout.elf.dir/bosonBreakout/main.cpp.o
 .debug_macro   0x0000000000000000      0x67b src/CMakeFiles/bosonBreakout.elf.dir/bosonBreakout/main.cpp.o
 .debug_macro   0x0000000000000000      0x6d7 src/CMakeFiles/bosonBreakout.elf.dir/bosonBreakout/main.cpp.o
 .debug_macro   0x0000000000000000      0x172 src/CMakeFiles/bosonBreakout.elf.dir/bosonBreakout/main.cpp.o
 .debug_macro   0x0000000000000000      0x395 src/CMakeFiles/bosonBreakout.elf.dir/bosonBreakout/main.cpp.o
 .debug_macro   0x0000000000000000       0x3a src/CMakeFiles/bosonBreakout.elf.dir/bosonBreakout/main.cpp.o
 .debug_macro   0x0000000000000000      0x72a src/CMakeFiles/bosonBreakout.elf.dir/bosonBreakout/main.cpp.o
 .debug_macro   0x0000000000000000      0x5ad src/CMakeFiles/bosonBreakout.elf.dir/bosonBreakout/main.cpp.o
 .debug_macro   0x0000000000000000      0xcdf src/CMakeFiles/bosonBreakout.elf.dir/bosonBreakout/main.cpp.o
 .debug_macro   0x0000000000000000      0x9b9 src/CMakeFiles/bosonBreakout.elf.dir/bosonBreakout/main.cpp.o
 .debug_macro   0x0000000000000000      0x2a3 src/CMakeFiles/bosonBreakout.elf.dir/bosonBreakout/main.cpp.o
 .debug_macro   0x0000000000000000      0x893 src/CMakeFiles/bosonBreakout.elf.dir/bosonBreakout/main.cpp.o
 .debug_macro   0x0000000000000000      0x1ea src/CMakeFiles/bosonBreakout.elf.dir/bosonBreakout/main.cpp.o
 .debug_macro   0x0000000000000000      0x8f4 src/CMakeFiles/bosonBreakout.elf.dir/bosonBreakout/main.cpp.o
 .debug_macro   0x0000000000000000      0x216 src/CMakeFiles/bosonBreakout.elf.dir/bosonBreakout/main.cpp.o
 .debug_macro   0x0000000000000000      0x3f9 src/CMakeFiles/bosonBreakout.elf.dir/bosonBreakout/main.cpp.o
 .debug_macro   0x0000000000000000      0x620 src/CMakeFiles/bosonBreakout.elf.dir/bosonBreakout/main.cpp.o
 .debug_macro   0x0000000000000000      0x10d src/CMakeFiles/bosonBreakout.elf.dir/bosonBreakout/main.cpp.o
 .debug_macro   0x0000000000000000       0xb8 src/CMakeFiles/bosonBreakout.elf.dir/bosonBreakout/main.cpp.o
 .debug_macro   0x0000000000000000     0x1df7 src/CMakeFiles/bosonBreakout.elf.dir/bosonBreakout/main.cpp.o
 .debug_macro   0x0000000000000000     0x2e69 src/CMakeFiles/bosonBreakout.elf.dir/bosonBreakout/main.cpp.o
 .debug_macro   0x0000000000000000     0x11ed src/CMakeFiles/bosonBreakout.elf.dir/bosonBreakout/main.cpp.o
 .debug_macro   0x0000000000000000      0x752 src/CMakeFiles/bosonBreakout.elf.dir/bosonBreakout/main.cpp.o
 .debug_macro   0x0000000000000000     0x180c src/CMakeFiles/bosonBreakout.elf.dir/bosonBreakout/main.cpp.o
 .debug_macro   0x0000000000000000      0x930 src/CMakeFiles/bosonBreakout.elf.dir/bosonBreakout/main.cpp.o
 .debug_macro   0x0000000000000000     0x1ad8 src/CMakeFiles/bosonBreakout.elf.dir/bosonBreakout/main.cpp.o
 .debug_macro   0x0000000000000000       0xe7 src/CMakeFiles/bosonBreakout.elf.dir/bosonBreakout/main.cpp.o
 .debug_macro   0x0000000000000000     0x13e6 src/CMakeFiles/bosonBreakout.elf.dir/bosonBreakout/main.cpp.o
 .debug_macro   0x0000000000000000      0x36a src/CMakeFiles/bosonBreakout.elf.dir/bosonBreakout/main.cpp.o
 .debug_macro   0x0000000000000000       0x94 src/CMakeFiles/bosonBreakout.elf.dir/bosonBreakout/main.cpp.o
 .debug_macro   0x0000000000000000       0xdc src/CMakeFiles/bosonBreakout.elf.dir/bosonBreakout/main.cpp.o
 .debug_macro   0x0000000000000000       0xe2 src/CMakeFiles/bosonBreakout.elf.dir/bosonBreakout/main.cpp.o
 .debug_macro   0x0000000000000000       0xdc src/CMakeFiles/bosonBreakout.elf.dir/bosonBreakout/main.cpp.o
 .debug_macro   0x0000000000000000       0x46 src/CMakeFiles/bosonBreakout.elf.dir/bosonBreakout/main.cpp.o
 .debug_macro   0x0000000000000000       0x4c src/CMakeFiles/bosonBreakout.elf.dir/bosonBreakout/main.cpp.o
 .debug_macro   0x0000000000000000       0xc4 src/CMakeFiles/bosonBreakout.elf.dir/bosonBreakout/main.cpp.o
 .debug_macro   0x0000000000000000      0x7d5 src/CMakeFiles/bosonBreakout.elf.dir/bosonBreakout/main.cpp.o
 .debug_macro   0x0000000000000000      0x106 src/CMakeFiles/bosonBreakout.elf.dir/bosonBreakout/main.cpp.o
 .debug_macro   0x0000000000000000       0x7c src/CMakeFiles/bosonBreakout.elf.dir/bosonBreakout/main.cpp.o
 .debug_macro   0x0000000000000000      0xc2e src/CMakeFiles/bosonBreakout.elf.dir/bosonBreakout/main.cpp.o
 .debug_macro   0x0000000000000000       0x46 src/CMakeFiles/bosonBreakout.elf.dir/bosonBreakout/main.cpp.o
 .debug_macro   0x0000000000000000      0x25b src/CMakeFiles/bosonBreakout.elf.dir/bosonBreakout/main.cpp.o
 .debug_macro   0x0000000000000000      0x170 src/CMakeFiles/bosonBreakout.elf.dir/bosonBreakout/main.cpp.o
 .debug_macro   0x0000000000000000       0x7c src/CMakeFiles/bosonBreakout.elf.dir/bosonBreakout/main.cpp.o
 .debug_macro   0x0000000000000000       0x4c src/CMakeFiles/bosonBreakout.elf.dir/bosonBreakout/main.cpp.o
 .debug_macro   0x0000000000000000       0x82 src/CMakeFiles/bosonBreakout.elf.dir/bosonBreakout/main.cpp.o
 .debug_macro   0x0000000000000000      0x1a3 src/CMakeFiles/bosonBreakout.elf.dir/bosonBreakout/main.cpp.o
 .debug_macro   0x0000000000000000       0x46 src/CMakeFiles/bosonBreakout.elf.dir/bosonBreakout/main.cpp.o
 .debug_macro   0x0000000000000000       0x6a src/CMakeFiles/bosonBreakout.elf.dir/bosonBreakout/main.cpp.o
 .debug_macro   0x0000000000000000       0x46 src/CMakeFiles/bosonBreakout.elf.dir/bosonBreakout/main.cpp.o
 .debug_macro   0x0000000000000000       0x88 src/CMakeFiles/bosonBreakout.elf.dir/bosonBreakout/main.cpp.o
 .debug_macro   0x0000000000000000       0x46 src/CMakeFiles/bosonBreakout.elf.dir/bosonBreakout/main.cpp.o
 .debug_macro   0x0000000000000000      0x24e src/CMakeFiles/bosonBreakout.elf.dir/bosonBreakout/main.cpp.o
 .debug_macro   0x0000000000000000       0x76 src/CMakeFiles/bosonBreakout.elf.dir/bosonBreakout/main.cpp.o
 .debug_macro   0x0000000000000000       0x3a src/CMakeFiles/bosonBreakout.elf.dir/bosonBreakout/main.cpp.o
 .debug_macro   0x0000000000000000       0x2e src/CMakeFiles/bosonBreakout.elf.dir/bosonBreakout/main.cpp.o
 .debug_macro   0x0000000000000000      0x196 src/CMakeFiles/bosonBreakout.elf.dir/bosonBreakout/main.cpp.o
 .debug_macro   0x0000000000000000      0x16f src/CMakeFiles/bosonBreakout.elf.dir/bosonBreakout/main.cpp.o
 .debug_macro   0x0000000000000000      0x25d src/CMakeFiles/bosonBreakout.elf.dir/bosonBreakout/main.cpp.o
 .debug_macro   0x0000000000000000      0x25d src/CMakeFiles/bosonBreakout.elf.dir/bosonBreakout/main.cpp.o
 .debug_macro   0x0000000000000000      0x25d src/CMakeFiles/bosonBreakout.elf.dir/bosonBreakout/main.cpp.o
 .debug_macro   0x0000000000000000      0x25d src/CMakeFiles/bosonBreakout.elf.dir/bosonBreakout/main.cpp.o
 .debug_macro   0x0000000000000000      0x25d src/CMakeFiles/bosonBreakout.elf.dir/bosonBreakout/main.cpp.o
 .debug_macro   0x0000000000000000      0x25d src/CMakeFiles/bosonBreakout.elf.dir/bosonBreakout/main.cpp.o
 .debug_macro   0x0000000000000000       0x58 src/CMakeFiles/bosonBreakout.elf.dir/bosonBreakout/main.cpp.o
 .debug_macro   0x0000000000000000      0x711 src/CMakeFiles/bosonBreakout.elf.dir/bosonBreakout/main.cpp.o
 .debug_macro   0x0000000000000000       0xfa src/CMakeFiles/bosonBreakout.elf.dir/bosonBreakout/main.cpp.o
 .debug_macro   0x0000000000000000       0xfa src/CMakeFiles/bosonBreakout.elf.dir/bosonBreakout/main.cpp.o
 .debug_macro   0x0000000000000000       0xfa src/CMakeFiles/bosonBreakout.elf.dir/bosonBreakout/main.cpp.o
 .debug_macro   0x0000000000000000       0xfa src/CMakeFiles/bosonBreakout.elf.dir/bosonBreakout/main.cpp.o
 .debug_macro   0x0000000000000000      0x148 src/CMakeFiles/bosonBreakout.elf.dir/bosonBreakout/main.cpp.o
 .debug_macro   0x0000000000000000      0x124 src/CMakeFiles/bosonBreakout.elf.dir/bosonBreakout/main.cpp.o
 .debug_macro   0x0000000000000000      0x106 src/CMakeFiles/bosonBreakout.elf.dir/bosonBreakout/main.cpp.o
 .debug_macro   0x0000000000000000       0x2e src/CMakeFiles/bosonBreakout.elf.dir/bosonBreakout/main.cpp.o
 .debug_macro   0x0000000000000000      0x46a src/CMakeFiles/bosonBreakout.elf.dir/bosonBreakout/main.cpp.o
 .debug_macro   0x0000000000000000       0x3a src/CMakeFiles/bosonBreakout.elf.dir/bosonBreakout/main.cpp.o
 .debug_macro   0x0000000000000000      0x591 src/CMakeFiles/bosonBreakout.elf.dir/bosonBreakout/main.cpp.o
 .debug_macro   0x0000000000000000     0x232c src/CMakeFiles/bosonBreakout.elf.dir/bosonBreakout/main.cpp.o
 .debug_macro   0x0000000000000000       0xcf src/CMakeFiles/bosonBreakout.elf.dir/bosonBreakout/main.cpp.o
 .group         0x0000000000000000        0x8 src/CMakeFiles/bosonBreakout.elf.dir/bosonBreakout/gen_bitstream.cpp.o
 .text          0x0000000000000000        0x0 src/CMakeFiles/bosonBreakout.elf.dir/bosonBreakout/gen_bitstream.cpp.o
 .data          0x0000000000000000        0x0 src/CMakeFiles/bosonBreakout.elf.dir/bosonBreakout/gen_bitstream.cpp.o
 .bss           0x0000000000000000        0x0 src/CMakeFiles/bosonBreakout.elf.dir/bosonBreakout/gen_bitstream.cpp.o
 .debug_macro   0x0000000000000000      0x9a6 src/CMakeFiles/bosonBreakout.elf.dir/bosonBreakout/gen_bitstream.cpp.o
 .text          0x0000000000000000        0x0 /usr/bin/../lib/gcc/arm-none-eabi/6.3.1/../../../../arm-none-eabi/lib/thumb/v7e-m/libc_nano.a(lib_a-exit.o)
 .data          0x0000000000000000        0x0 /usr/bin/../lib/gcc/arm-none-eabi/6.3.1/../../../../arm-none-eabi/lib/thumb/v7e-m/libc_nano.a(lib_a-exit.o)
 .bss           0x0000000000000000        0x0 /usr/bin/../lib/gcc/arm-none-eabi/6.3.1/../../../../arm-none-eabi/lib/thumb/v7e-m/libc_nano.a(lib_a-exit.o)
 .text.exit     0x0000000000000000       0x28 /usr/bin/../lib/gcc/arm-none-eabi/6.3.1/../../../../arm-none-eabi/lib/thumb/v7e-m/libc_nano.a(lib_a-exit.o)
 .debug_frame   0x0000000000000000       0x28 /usr/bin/../lib/gcc/arm-none-eabi/6.3.1/../../../../arm-none-eabi/lib/thumb/v7e-m/libc_nano.a(lib_a-exit.o)
 .ARM.attributes
                0x0000000000000000       0x2e /usr/bin/../lib/gcc/arm-none-eabi/6.3.1/../../../../arm-none-eabi/lib/thumb/v7e-m/libc_nano.a(lib_a-exit.o)
 .text          0x0000000000000000        0x0 /usr/bin/../lib/gcc/arm-none-eabi/6.3.1/../../../../arm-none-eabi/lib/thumb/v7e-m/libc_nano.a(lib_a-impure.o)
 .data          0x0000000000000000        0x0 /usr/bin/../lib/gcc/arm-none-eabi/6.3.1/../../../../arm-none-eabi/lib/thumb/v7e-m/libc_nano.a(lib_a-impure.o)
 .bss           0x0000000000000000        0x0 /usr/bin/../lib/gcc/arm-none-eabi/6.3.1/../../../../arm-none-eabi/lib/thumb/v7e-m/libc_nano.a(lib_a-impure.o)
 .data._impure_ptr
                0x0000000000000000        0x4 /usr/bin/../lib/gcc/arm-none-eabi/6.3.1/../../../../arm-none-eabi/lib/thumb/v7e-m/libc_nano.a(lib_a-impure.o)
 .data.impure_data
                0x0000000000000000       0x60 /usr/bin/../lib/gcc/arm-none-eabi/6.3.1/../../../../arm-none-eabi/lib/thumb/v7e-m/libc_nano.a(lib_a-impure.o)
 .rodata._global_impure_ptr
                0x0000000000000000        0x4 /usr/bin/../lib/gcc/arm-none-eabi/6.3.1/../../../../arm-none-eabi/lib/thumb/v7e-m/libc_nano.a(lib_a-impure.o)
 .ARM.attributes
                0x0000000000000000       0x2e /usr/bin/../lib/gcc/arm-none-eabi/6.3.1/../../../../arm-none-eabi/lib/thumb/v7e-m/libc_nano.a(lib_a-impure.o)
 .text          0x0000000000000000        0x0 /usr/bin/../lib/gcc/arm-none-eabi/6.3.1/../../../../arm-none-eabi/lib/thumb/v7e-m/libc_nano.a(lib_a-init.o)
 .data          0x0000000000000000        0x0 /usr/bin/../lib/gcc/arm-none-eabi/6.3.1/../../../../arm-none-eabi/lib/thumb/v7e-m/libc_nano.a(lib_a-init.o)
 .bss           0x0000000000000000        0x0 /usr/bin/../lib/gcc/arm-none-eabi/6.3.1/../../../../arm-none-eabi/lib/thumb/v7e-m/libc_nano.a(lib_a-init.o)
 .text          0x0000000000000000        0x0 /usr/bin/../lib/gcc/arm-none-eabi/6.3.1/../../../../arm-none-eabi/lib/thumb/v7e-m/libc_nano.a(lib_a-memset.o)
 .data          0x0000000000000000        0x0 /usr/bin/../lib/gcc/arm-none-eabi/6.3.1/../../../../arm-none-eabi/lib/thumb/v7e-m/libc_nano.a(lib_a-memset.o)
 .bss           0x0000000000000000        0x0 /usr/bin/../lib/gcc/arm-none-eabi/6.3.1/../../../../arm-none-eabi/lib/thumb/v7e-m/libc_nano.a(lib_a-memset.o)
 .text.memset   0x0000000000000000       0x10 /usr/bin/../lib/gcc/arm-none-eabi/6.3.1/../../../../arm-none-eabi/lib/thumb/v7e-m/libc_nano.a(lib_a-memset.o)
 .debug_frame   0x0000000000000000       0x20 /usr/bin/../lib/gcc/arm-none-eabi/6.3.1/../../../../arm-none-eabi/lib/thumb/v7e-m/libc_nano.a(lib_a-memset.o)
 .ARM.attributes
                0x0000000000000000       0x2e /usr/bin/../lib/gcc/arm-none-eabi/6.3.1/../../../../arm-none-eabi/lib/thumb/v7e-m/libc_nano.a(lib_a-memset.o)
 .text          0x0000000000000000        0x0 /usr/bin/../lib/gcc/arm-none-eabi/6.3.1/../../../../arm-none-eabi/lib/thumb/v7e-m/libnosys.a(_exit.o)
 .data          0x0000000000000000        0x0 /usr/bin/../lib/gcc/arm-none-eabi/6.3.1/../../../../arm-none-eabi/lib/thumb/v7e-m/libnosys.a(_exit.o)
 .bss           0x0000000000000000        0x0 /usr/bin/../lib/gcc/arm-none-eabi/6.3.1/../../../../arm-none-eabi/lib/thumb/v7e-m/libnosys.a(_exit.o)
 .text._exit    0x0000000000000000        0x4 /usr/bin/../lib/gcc/arm-none-eabi/6.3.1/../../../../arm-none-eabi/lib/thumb/v7e-m/libnosys.a(_exit.o)
 .debug_frame   0x0000000000000000       0x20 /usr/bin/../lib/gcc/arm-none-eabi/6.3.1/../../../../arm-none-eabi/lib/thumb/v7e-m/libnosys.a(_exit.o)
 .ARM.attributes
                0x0000000000000000       0x2e /usr/bin/../lib/gcc/arm-none-eabi/6.3.1/../../../../arm-none-eabi/lib/thumb/v7e-m/libnosys.a(_exit.o)
 .text          0x0000000000000000        0x0 /usr/bin/../lib/gcc/arm-none-eabi/6.3.1/thumb/v7e-m/crtend.o
 .data          0x0000000000000000        0x0 /usr/bin/../lib/gcc/arm-none-eabi/6.3.1/thumb/v7e-m/crtend.o
 .bss           0x0000000000000000        0x0 /usr/bin/../lib/gcc/arm-none-eabi/6.3.1/thumb/v7e-m/crtend.o
 .eh_frame      0x0000000000000000        0x4 /usr/bin/../lib/gcc/arm-none-eabi/6.3.1/thumb/v7e-m/crtend.o
 .jcr           0x0000000000000000        0x4 /usr/bin/../lib/gcc/arm-none-eabi/6.3.1/thumb/v7e-m/crtend.o
 .ARM.attributes
                0x0000000000000000       0x2e /usr/bin/../lib/gcc/arm-none-eabi/6.3.1/thumb/v7e-m/crtend.o
 .text          0x0000000000000000        0x0 /usr/bin/../lib/gcc/arm-none-eabi/6.3.1/thumb/v7e-m/crtn.o
 .data          0x0000000000000000        0x0 /usr/bin/../lib/gcc/arm-none-eabi/6.3.1/thumb/v7e-m/crtn.o
 .bss           0x0000000000000000        0x0 /usr/bin/../lib/gcc/arm-none-eabi/6.3.1/thumb/v7e-m/crtn.o

Memory Configuration

Name             Origin             Length             Attributes
rom              0x0000000000000000 0x0000000000080000 xr
ram              0x0000000020000000 0x0000000000030000 xrw
bkupram          0x0000000047000000 0x0000000000002000 xrw
qspi             0x0000000004000000 0x0000000001000000 xrw
*default*        0x0000000000000000 0xffffffffffffffff

Linker script and memory map

LOAD /usr/bin/../lib/gcc/arm-none-eabi/6.3.1/thumb/v7e-m/crti.o
LOAD /usr/bin/../lib/gcc/arm-none-eabi/6.3.1/thumb/v7e-m/crtbegin.o
LOAD /usr/bin/../lib/gcc/arm-none-eabi/6.3.1/../../../../arm-none-eabi/lib/thumb/v7e-m/crt0.o
START GROUP
LOAD /usr/bin/../lib/gcc/arm-none-eabi/6.3.1/../../../../arm-none-eabi/lib/thumb/v7e-m/libm.a
END GROUP
LOAD src/CMakeFiles/bosonBreakout.elf.dir/startup_samd51.c.o
LOAD src/CMakeFiles/bosonBreakout.elf.dir/system_samd51.c.o
LOAD src/CMakeFiles/bosonBreakout.elf.dir/bosonBreakout/main.cpp.o
LOAD src/CMakeFiles/bosonBreakout.elf.dir/bosonBreakout/gen_bitstream.cpp.o
LOAD /usr/bin/../lib/gcc/arm-none-eabi/6.3.1/../../../../arm-none-eabi/lib/thumb/v7e-m/libstdc++_nano.a
LOAD /usr/bin/../lib/gcc/arm-none-eabi/6.3.1/../../../../arm-none-eabi/lib/thumb/v7e-m/libm.a
START GROUP
LOAD /usr/bin/../lib/gcc/arm-none-eabi/6.3.1/thumb/v7e-m/libgcc.a
LOAD /usr/bin/../lib/gcc/arm-none-eabi/6.3.1/../../../../arm-none-eabi/lib/thumb/v7e-m/libc_nano.a
END GROUP
START GROUP
LOAD /usr/bin/../lib/gcc/arm-none-eabi/6.3.1/thumb/v7e-m/libgcc.a
LOAD /usr/bin/../lib/gcc/arm-none-eabi/6.3.1/../../../../arm-none-eabi/lib/thumb/v7e-m/libc_nano.a
LOAD /usr/bin/../lib/gcc/arm-none-eabi/6.3.1/../../../../arm-none-eabi/lib/thumb/v7e-m/libnosys.a
END GROUP
START GROUP
LOAD /usr/bin/../lib/gcc/arm-none-eabi/6.3.1/thumb/v7e-m/libgcc.a
LOAD /usr/bin/../lib/gcc/arm-none-eabi/6.3.1/../../../../arm-none-eabi/lib/thumb/v7e-m/libc_nano.a
LOAD /usr/bin/../lib/gcc/arm-none-eabi/6.3.1/../../../../arm-none-eabi/lib/thumb/v7e-m/libnosys.a
END GROUP
LOAD /usr/bin/../lib/gcc/arm-none-eabi/6.3.1/thumb/v7e-m/crtend.o
LOAD /usr/bin/../lib/gcc/arm-none-eabi/6.3.1/thumb/v7e-m/crtn.o
                0x0000000000001000                STACK_SIZE = DEFINED (STACK_SIZE)?STACK_SIZE:DEFINED (__stack_size__)?__stack_size__:0x1000

.text           0x0000000000000000    0x11ba4
                0x0000000000000000                . = ALIGN (0x4)
                0x0000000000000000                _sfixed = .
 *(.vectors .vectors.*)
 .vectors       0x0000000000000000      0x264 src/CMakeFiles/bosonBreakout.elf.dir/startup_samd51.c.o
                0x0000000000000000                exception_table
 *(.text .text.* .gnu.linkonce.t.*)
 .text          0x0000000000000264       0x6c /usr/bin/../lib/gcc/arm-none-eabi/6.3.1/thumb/v7e-m/crtbegin.o
 .text.Dummy_Handler
                0x00000000000002d0        0x2 src/CMakeFiles/bosonBreakout.elf.dir/startup_samd51.c.o
                0x00000000000002d0                EIC_5_Handler
                0x00000000000002d0                SERCOM0_2_Handler
                0x00000000000002d0                DebugMon_Handler
                0x00000000000002d0                EIC_13_Handler
                0x00000000000002d0                EVSYS_0_Handler
                0x00000000000002d0                TCC1_3_Handler
                0x00000000000002d0                DAC_3_Handler
                0x00000000000002d0                TRNG_Handler
                0x00000000000002d0                HardFault_Handler
                0x00000000000002d0                TC2_Handler
                0x00000000000002d0                PDEC_2_Handler
                0x00000000000002d0                EIC_4_Handler
                0x00000000000002d0                AC_Handler
                0x00000000000002d0                SERCOM3_1_Handler
                0x00000000000002d0                SysTick_Handler
                0x00000000000002d0                TCC2_3_Handler
                0x00000000000002d0                SERCOM3_2_Handler
                0x00000000000002d0                PendSV_Handler
                0x00000000000002d0                NMI_Handler
                0x00000000000002d0                ADC1_1_Handler
                0x00000000000002d0                EVSYS_3_Handler
                0x00000000000002d0                PDEC_0_Handler
                0x00000000000002d0                QSPI_Handler
                0x00000000000002d0                TCC0_0_Handler
                0x00000000000002d0                EIC_3_Handler
                0x00000000000002d0                TAL_0_Handler
                0x00000000000002d0                DAC_2_Handler
                0x00000000000002d0                SERCOM0_0_Handler
                0x00000000000002d0                RTC_Handler
                0x00000000000002d0                UsageFault_Handler
                0x00000000000002d0                SERCOM4_0_Handler
                0x00000000000002d0                EIC_10_Handler
                0x00000000000002d0                SERCOM0_3_Handler
                0x00000000000002d0                EIC_11_Handler
                0x00000000000002d0                EIC_9_Handler
                0x00000000000002d0                OSC32KCTRL_Handler
                0x00000000000002d0                TCC2_1_Handler
                0x00000000000002d0                SUPC_1_Handler
                0x00000000000002d0                TCC0_5_Handler
                0x00000000000002d0                TCC0_6_Handler
                0x00000000000002d0                EVSYS_1_Handler
                0x00000000000002d0                TCC1_4_Handler
                0x00000000000002d0                DMAC_0_Handler
                0x00000000000002d0                WDT_Handler
                0x00000000000002d0                EIC_8_Handler
                0x00000000000002d0                EIC_15_Handler
                0x00000000000002d0                SERCOM5_0_Handler
                0x00000000000002d0                TC1_Handler
                0x00000000000002d0                OSCCTRL_4_Handler
                0x00000000000002d0                SERCOM4_3_Handler
                0x00000000000002d0                EIC_12_Handler
                0x00000000000002d0                DMAC_4_Handler
                0x00000000000002d0                PAC_Handler
                0x00000000000002d0                TCC1_0_Handler
                0x00000000000002d0                USB_0_Handler
                0x00000000000002d0                OSCCTRL_0_Handler
                0x00000000000002d0                EIC_0_Handler
                0x00000000000002d0                OSCCTRL_3_Handler
                0x00000000000002d0                SERCOM4_1_Handler
                0x00000000000002d0                TC3_Handler
                0x00000000000002d0                Dummy_Handler
                0x00000000000002d0                TCC2_2_Handler
                0x00000000000002d0                SERCOM5_1_Handler
                0x00000000000002d0                TCC1_1_Handler
                0x00000000000002d0                DMAC_2_Handler
                0x00000000000002d0                ADC0_0_Handler
                0x00000000000002d0                SERCOM0_1_Handler
                0x00000000000002d0                OSCCTRL_2_Handler
                0x00000000000002d0                ADC1_0_Handler
                0x00000000000002d0                TCC1_2_Handler
                0x00000000000002d0                USB_1_Handler
                0x00000000000002d0                PM_Handler
                0x00000000000002d0                SERCOM2_3_Handler
                0x00000000000002d0                DAC_4_Handler
                0x00000000000002d0                TCC0_2_Handler
                0x00000000000002d0                DMAC_1_Handler
                0x00000000000002d0                USB_3_Handler
                0x00000000000002d0                TCC2_0_Handler
                0x00000000000002d0                PDEC_1_Handler
                0x00000000000002d0                MemManage_Handler
                0x00000000000002d0                SERCOM5_3_Handler
                0x00000000000002d0                USB_2_Handler
                0x00000000000002d0                SVC_Handler
                0x00000000000002d0                SDHC0_Handler
                0x00000000000002d0                SERCOM1_1_Handler
                0x00000000000002d0                EIC_2_Handler
                0x00000000000002d0                PCC_Handler
                0x00000000000002d0                DAC_0_Handler
                0x00000000000002d0                TCC0_1_Handler
                0x00000000000002d0                SERCOM1_3_Handler
                0x00000000000002d0                EIC_6_Handler
                0x00000000000002d0                OSCCTRL_1_Handler
                0x00000000000002d0                SERCOM1_0_Handler
                0x00000000000002d0                PUKCC_Handler
                0x00000000000002d0                SERCOM2_1_Handler
                0x00000000000002d0                SERCOM1_2_Handler
                0x00000000000002d0                SERCOM3_0_Handler
                0x00000000000002d0                EIC_1_Handler
                0x00000000000002d0                SERCOM4_2_Handler
                0x00000000000002d0                EVSYS_4_Handler
                0x00000000000002d0                EIC_7_Handler
                0x00000000000002d0                NVMCTRL_1_Handler
                0x00000000000002d0                SERCOM5_2_Handler
                0x00000000000002d0                SERCOM3_3_Handler
                0x00000000000002d0                ADC0_1_Handler
                0x00000000000002d0                SERCOM2_2_Handler
                0x00000000000002d0                EIC_14_Handler
                0x00000000000002d0                DAC_1_Handler
                0x00000000000002d0                NVMCTRL_0_Handler
                0x00000000000002d0                TAL_1_Handler
                0x00000000000002d0                MCLK_Handler
                0x00000000000002d0                EVSYS_2_Handler
                0x00000000000002d0                SUPC_0_Handler
                0x00000000000002d0                BusFault_Handler
                0x00000000000002d0                FREQM_Handler
                0x00000000000002d0                TC0_Handler
                0x00000000000002d0                TCC0_3_Handler
                0x00000000000002d0                DMAC_3_Handler
                0x00000000000002d0                TCC0_4_Handler
                0x00000000000002d0                RAMECC_Handler
                0x00000000000002d0                SERCOM2_0_Handler
                0x00000000000002d0                AES_Handler
                0x00000000000002d0                ICM_Handler
 *fill*         0x00000000000002d2        0x2 
 .text.Reset_Handler
                0x00000000000002d4       0x5c src/CMakeFiles/bosonBreakout.elf.dir/startup_samd51.c.o
                0x00000000000002d4                Reset_Handler
 .text._Z8spi_initv
                0x0000000000000330       0x34 src/CMakeFiles/bosonBreakout.elf.dir/bosonBreakout/main.cpp.o
                0x0000000000000330                spi_init()
 .text._Z13spi_dummy_clki
                0x0000000000000364       0x20 src/CMakeFiles/bosonBreakout.elf.dir/bosonBreakout/main.cpp.o
                0x0000000000000364                spi_dummy_clk(int)
 .text._Z5delayi
                0x0000000000000384       0x12 src/CMakeFiles/bosonBreakout.elf.dir/bosonBreakout/main.cpp.o
                0x0000000000000384                delay(int)
 *fill*         0x0000000000000396        0x2 
 .text._Z17spi_transmit_byteh
                0x0000000000000398       0x34 src/CMakeFiles/bosonBreakout.elf.dir/bosonBreakout/main.cpp.o
                0x0000000000000398                spi_transmit_byte(unsigned char)
 .text._Z12spi_transmitPKhj
                0x00000000000003cc       0x24 src/CMakeFiles/bosonBreakout.elf.dir/bosonBreakout/main.cpp.o
                0x00000000000003cc                spi_transmit(unsigned char const*, unsigned int)
 .text._Z9fpga_initv
                0x00000000000003f0       0x64 src/CMakeFiles/bosonBreakout.elf.dir/bosonBreakout/main.cpp.o
                0x00000000000003f0                fpga_init()
 .text.startup.main
                0x0000000000000454       0x3c src/CMakeFiles/bosonBreakout.elf.dir/bosonBreakout/main.cpp.o
                0x0000000000000454                main
 .text.__libc_init_array
                0x0000000000000490       0x48 /usr/bin/../lib/gcc/arm-none-eabi/6.3.1/../../../../arm-none-eabi/lib/thumb/v7e-m/libc_nano.a(lib_a-init.o)
                0x0000000000000490                __libc_init_array
 *(.glue_7t)
 .glue_7t       0x00000000000004d8        0x0 linker stubs
 *(.glue_7)
 .glue_7        0x00000000000004d8        0x0 linker stubs
 *(.rodata .rodata* .gnu.linkonce.r.*)
 .rodata.___hyperRAM_FIFO_hyperRAM_FIFO_hyperRAM_FIFO_Implmnt_sbt_outputs_bitmap_bosonBreakoutTest_bitmap_bin
                0x00000000000004d8    0x116aa src/CMakeFiles/bosonBreakout.elf.dir/bosonBreakout/gen_bitstream.cpp.o
                0x00000000000004d8                ___hyperRAM_FIFO_hyperRAM_FIFO_hyperRAM_FIFO_Implmnt_sbt_outputs_bitmap_bosonBreakoutTest_bitmap_bin
 *(.ARM.extab* .gnu.linkonce.armextab.*)
                0x0000000000011b84                . = ALIGN (0x4)
 *fill*         0x0000000000011b82        0x2 
 *(.init)
 .init          0x0000000000011b84        0x4 /usr/bin/../lib/gcc/arm-none-eabi/6.3.1/thumb/v7e-m/crti.o
                0x0000000000011b84                _init
 .init          0x0000000000011b88        0x8 /usr/bin/../lib/gcc/arm-none-eabi/6.3.1/thumb/v7e-m/crtn.o
                0x0000000000011b90                . = ALIGN (0x4)
                0x0000000000011b90                __preinit_array_start = .
 *(.preinit_array)
                0x0000000000011b90                __preinit_array_end = .
                0x0000000000011b90                . = ALIGN (0x4)
                0x0000000000011b90                __init_array_start = .
 *(SORT(.init_array.*))
 *(.init_array)
 .init_array    0x0000000000011b90        0x4 /usr/bin/../lib/gcc/arm-none-eabi/6.3.1/thumb/v7e-m/crtbegin.o
                0x0000000000011b94                __init_array_end = .
                0x0000000000011b94                . = ALIGN (0x4)
 *crtbegin.o(.ctors)
 *(EXCLUDE_FILE(*crtend.o) .ctors)
 *(SORT(.ctors.*))
 *crtend.o(.ctors)
                0x0000000000011b94                . = ALIGN (0x4)
 *(.fini)
 .fini          0x0000000000011b94        0x4 /usr/bin/../lib/gcc/arm-none-eabi/6.3.1/thumb/v7e-m/crti.o
                0x0000000000011b94                _fini
 .fini          0x0000000000011b98        0x8 /usr/bin/../lib/gcc/arm-none-eabi/6.3.1/thumb/v7e-m/crtn.o
                0x0000000000011ba0                . = ALIGN (0x4)
                0x0000000000011ba0                __fini_array_start = .
 *(.fini_array)
 .fini_array    0x0000000000011ba0        0x4 /usr/bin/../lib/gcc/arm-none-eabi/6.3.1/thumb/v7e-m/crtbegin.o
 *(SORT(.fini_array.*))
                0x0000000000011ba4                __fini_array_end = .
 *crtbegin.o(.dtors)
 *(EXCLUDE_FILE(*crtend.o) .dtors)
 *(SORT(.dtors.*))
 *crtend.o(.dtors)
                0x0000000000011ba4                . = ALIGN (0x4)
                0x0000000000011ba4                _efixed = .
                [!provide]                        PROVIDE (__exidx_start, .)

.vfp11_veneer   0x0000000000011ba4        0x0
 .vfp11_veneer  0x0000000000011ba4        0x0 linker stubs

.v4_bx          0x0000000000011ba4        0x0
 .v4_bx         0x0000000000011ba4        0x0 linker stubs

.iplt           0x0000000000011ba4        0x0
 .iplt          0x0000000000011ba4        0x0 /usr/bin/../lib/gcc/arm-none-eabi/6.3.1/thumb/v7e-m/crtbegin.o

.eh_frame       0x0000000000011ba4        0x0
 .eh_frame      0x0000000000011ba4        0x0 /usr/bin/../lib/gcc/arm-none-eabi/6.3.1/thumb/v7e-m/crtbegin.o

.rel.dyn        0x0000000000011ba4        0x0
 .rel.iplt      0x0000000000011ba4        0x0 /usr/bin/../lib/gcc/arm-none-eabi/6.3.1/thumb/v7e-m/crtbegin.o

.jcr            0x0000000000011ba4        0x0
 .jcr           0x0000000000011ba4        0x0 /usr/bin/../lib/gcc/arm-none-eabi/6.3.1/thumb/v7e-m/crtbegin.o

.igot.plt       0x0000000000011ba4        0x0
 .igot.plt      0x0000000000011ba4        0x0 /usr/bin/../lib/gcc/arm-none-eabi/6.3.1/thumb/v7e-m/crtbegin.o

.ARM.exidx
 *(.ARM.exidx* .gnu.linkonce.armexidx.*)
                [!provide]                        PROVIDE (__exidx_end, .)
                0x0000000000011ba4                . = ALIGN (0x4)
                0x0000000000011ba4                _etext = .

.relocate       0x0000000020000000        0x4 load address 0x0000000000011ba4
                0x0000000020000000                . = ALIGN (0x4)
                0x0000000020000000                _srelocate = .
 *(.ramfunc .ramfunc.*)
 *(.data .data.*)
 .data.___hyperRAM_FIFO_hyperRAM_FIFO_hyperRAM_FIFO_Implmnt_sbt_outputs_bitmap_bosonBreakoutTest_bitmap_bin_len
                0x0000000020000000        0x4 src/CMakeFiles/bosonBreakout.elf.dir/bosonBreakout/gen_bitstream.cpp.o
                0x0000000020000000                ___hyperRAM_FIFO_hyperRAM_FIFO_hyperRAM_FIFO_Implmnt_sbt_outputs_bitmap_bosonBreakoutTest_bitmap_bin_len
                0x0000000020000004                . = ALIGN (0x4)
                0x0000000020000004                _erelocate = .

.bkupram        0x0000000047000000        0x0
                0x0000000047000000                . = ALIGN (0x8)
                0x0000000047000000                _sbkupram = .
 *(.bkupram .bkupram.*)
                0x0000000047000000                . = ALIGN (0x8)
                0x0000000047000000                _ebkupram = .

.qspi           0x0000000004000000        0x0
                0x0000000004000000                . = ALIGN (0x8)
                0x0000000004000000                _sqspi = .
 *(.qspi .qspi.*)
                0x0000000004000000                . = ALIGN (0x8)
                0x0000000004000000                _eqspi = .

.bss            0x0000000020000004       0x1c load address 0x0000000000011ba8
                0x0000000020000004                . = ALIGN (0x4)
                0x0000000020000004                _sbss = .
                0x0000000020000004                __bss_start__ = .
                0x0000000020000004                _szero = .
 *(.bss .bss.*)
 .bss           0x0000000020000004       0x1c /usr/bin/../lib/gcc/arm-none-eabi/6.3.1/thumb/v7e-m/crtbegin.o
 *(COMMON)
                0x0000000020000020                . = ALIGN (0x4)
                0x0000000020000020                _ebss = .
                0x0000000020000020                __bss_end__ = .
                0x0000000020000020                _ezero = .

.stack          0x0000000020000020     0x1000 load address 0x0000000000011bc4
                0x0000000020000020                . = ALIGN (0x8)
                0x0000000020000020                _sstack = .
                0x0000000020001020                . = (. + STACK_SIZE)
 *fill*         0x0000000020000020     0x1000 
                0x0000000020001020                . = ALIGN (0x8)
                0x0000000020001020                _estack = .
                0x0000000020001020                . = ALIGN (0x4)
                0x0000000020001020                _end = .
                0x0000000020001020                end = .
OUTPUT(src/bosonBreakout.elf elf32-littlearm)

.ARM.attributes
                0x0000000000000000       0x2a
 .ARM.attributes
                0x0000000000000000       0x1e /usr/bin/../lib/gcc/arm-none-eabi/6.3.1/thumb/v7e-m/crti.o
 .ARM.attributes
                0x000000000000001e       0x2e /usr/bin/../lib/gcc/arm-none-eabi/6.3.1/thumb/v7e-m/crtbegin.o
 .ARM.attributes
                0x000000000000004c       0x33 src/CMakeFiles/bosonBreakout.elf.dir/startup_samd51.c.o
 .ARM.attributes
                0x000000000000007f       0x33 src/CMakeFiles/bosonBreakout.elf.dir/bosonBreakout/main.cpp.o
 .ARM.attributes
                0x00000000000000b2       0x33 src/CMakeFiles/bosonBreakout.elf.dir/bosonBreakout/gen_bitstream.cpp.o
 .ARM.attributes
                0x00000000000000e5       0x2e /usr/bin/../lib/gcc/arm-none-eabi/6.3.1/../../../../arm-none-eabi/lib/thumb/v7e-m/libc_nano.a(lib_a-init.o)
 .ARM.attributes
                0x0000000000000113       0x1e /usr/bin/../lib/gcc/arm-none-eabi/6.3.1/thumb/v7e-m/crtn.o

.comment        0x0000000000000000       0x7f
 .comment       0x0000000000000000       0x7f src/CMakeFiles/bosonBreakout.elf.dir/startup_samd51.c.o
                                         0x80 (size before relaxing)
 .comment       0x000000000000007f       0x80 src/CMakeFiles/bosonBreakout.elf.dir/bosonBreakout/main.cpp.o
 .comment       0x000000000000007f       0x80 src/CMakeFiles/bosonBreakout.elf.dir/bosonBreakout/gen_bitstream.cpp.o

.debug_info     0x0000000000000000     0x29bf
 .debug_info    0x0000000000000000      0xb78 src/CMakeFiles/bosonBreakout.elf.dir/startup_samd51.c.o
 .debug_info    0x0000000000000b78     0x1dd0 src/CMakeFiles/bosonBreakout.elf.dir/bosonBreakout/main.cpp.o
 .debug_info    0x0000000000002948       0x77 src/CMakeFiles/bosonBreakout.elf.dir/bosonBreakout/gen_bitstream.cpp.o

.debug_abbrev   0x0000000000000000      0x5f4
 .debug_abbrev  0x0000000000000000      0x16c src/CMakeFiles/bosonBreakout.elf.dir/startup_samd51.c.o
 .debug_abbrev  0x000000000000016c      0x42f src/CMakeFiles/bosonBreakout.elf.dir/bosonBreakout/main.cpp.o
 .debug_abbrev  0x000000000000059b       0x59 src/CMakeFiles/bosonBreakout.elf.dir/bosonBreakout/gen_bitstream.cpp.o

.debug_loc      0x0000000000000000      0x26f
 .debug_loc     0x0000000000000000       0x43 src/CMakeFiles/bosonBreakout.elf.dir/startup_samd51.c.o
 .debug_loc     0x0000000000000043      0x22c src/CMakeFiles/bosonBreakout.elf.dir/bosonBreakout/main.cpp.o

.debug_aranges  0x0000000000000000       0x90
 .debug_aranges
                0x0000000000000000       0x28 src/CMakeFiles/bosonBreakout.elf.dir/startup_samd51.c.o
 .debug_aranges
                0x0000000000000028       0x50 src/CMakeFiles/bosonBreakout.elf.dir/bosonBreakout/main.cpp.o
 .debug_aranges
                0x0000000000000078       0x18 src/CMakeFiles/bosonBreakout.elf.dir/bosonBreakout/gen_bitstream.cpp.o

.debug_ranges   0x0000000000000000      0x1a8
 .debug_ranges  0x0000000000000000       0x18 src/CMakeFiles/bosonBreakout.elf.dir/startup_samd51.c.o
 .debug_ranges  0x0000000000000018      0x190 src/CMakeFiles/bosonBreakout.elf.dir/bosonBreakout/main.cpp.o

.debug_macro    0x0000000000000000    0x216eb
 .debug_macro   0x0000000000000000      0x3c8 src/CMakeFiles/bosonBreakout.elf.dir/startup_samd51.c.o
 .debug_macro   0x00000000000003c8      0x8c8 src/CMakeFiles/bosonBreakout.elf.dir/startup_samd51.c.o
 .debug_macro   0x0000000000000c90      0x34e src/CMakeFiles/bosonBreakout.elf.dir/startup_samd51.c.o
 .debug_macro   0x0000000000000fde       0x55 src/CMakeFiles/bosonBreakout.elf.dir/startup_samd51.c.o
 .debug_macro   0x0000000000001033       0x3b src/CMakeFiles/bosonBreakout.elf.dir/startup_samd51.c.o
 .debug_macro   0x000000000000106e       0x2d src/CMakeFiles/bosonBreakout.elf.dir/startup_samd51.c.o
 .debug_macro   0x000000000000109b       0x26 src/CMakeFiles/bosonBreakout.elf.dir/startup_samd51.c.o
 .debug_macro   0x00000000000010c1      0xd39 src/CMakeFiles/bosonBreakout.elf.dir/startup_samd51.c.o
 .debug_macro   0x0000000000001dfa      0x706 src/CMakeFiles/bosonBreakout.elf.dir/startup_samd51.c.o
 .debug_macro   0x0000000000002500      0xb5b src/CMakeFiles/bosonBreakout.elf.dir/startup_samd51.c.o
 .debug_macro   0x000000000000305b      0x3c0 src/CMakeFiles/bosonBreakout.elf.dir/startup_samd51.c.o
 .debug_macro   0x000000000000341b      0x336 src/CMakeFiles/bosonBreakout.elf.dir/startup_samd51.c.o
 .debug_macro   0x0000000000003751      0x3b7 src/CMakeFiles/bosonBreakout.elf.dir/startup_samd51.c.o
 .debug_macro   0x0000000000003b08      0x668 src/CMakeFiles/bosonBreakout.elf.dir/startup_samd51.c.o
 .debug_macro   0x0000000000004170     0x143f src/CMakeFiles/bosonBreakout.elf.dir/startup_samd51.c.o
 .debug_macro   0x00000000000055af      0xf20 src/CMakeFiles/bosonBreakout.elf.dir/startup_samd51.c.o
 .debug_macro   0x00000000000064cf      0x67b src/CMakeFiles/bosonBreakout.elf.dir/startup_samd51.c.o
 .debug_macro   0x0000000000006b4a      0x6d7 src/CMakeFiles/bosonBreakout.elf.dir/startup_samd51.c.o
 .debug_macro   0x0000000000007221      0x172 src/CMakeFiles/bosonBreakout.elf.dir/startup_samd51.c.o
 .debug_macro   0x0000000000007393      0x395 src/CMakeFiles/bosonBreakout.elf.dir/startup_samd51.c.o
 .debug_macro   0x0000000000007728       0x3a src/CMakeFiles/bosonBreakout.elf.dir/startup_samd51.c.o
 .debug_macro   0x0000000000007762      0x72a src/CMakeFiles/bosonBreakout.elf.dir/startup_samd51.c.o
 .debug_macro   0x0000000000007e8c      0x5ad src/CMakeFiles/bosonBreakout.elf.dir/startup_samd51.c.o
 .debug_macro   0x0000000000008439      0xcdf src/CMakeFiles/bosonBreakout.elf.dir/startup_samd51.c.o
 .debug_macro   0x0000000000009118      0x9b9 src/CMakeFiles/bosonBreakout.elf.dir/startup_samd51.c.o
 .debug_macro   0x0000000000009ad1      0x2a3 src/CMakeFiles/bosonBreakout.elf.dir/startup_samd51.c.o
 .debug_macro   0x0000000000009d74      0x893 src/CMakeFiles/bosonBreakout.elf.dir/startup_samd51.c.o
 .debug_macro   0x000000000000a607      0x1ea src/CMakeFiles/bosonBreakout.elf.dir/startup_samd51.c.o
 .debug_macro   0x000000000000a7f1      0x8f4 src/CMakeFiles/bosonBreakout.elf.dir/startup_samd51.c.o
 .debug_macro   0x000000000000b0e5      0x216 src/CMakeFiles/bosonBreakout.elf.dir/startup_samd51.c.o
 .debug_macro   0x000000000000b2fb      0x3f9 src/CMakeFiles/bosonBreakout.elf.dir/startup_samd51.c.o
 .debug_macro   0x000000000000b6f4      0x620 src/CMakeFiles/bosonBreakout.elf.dir/startup_samd51.c.o
 .debug_macro   0x000000000000bd14      0x10d src/CMakeFiles/bosonBreakout.elf.dir/startup_samd51.c.o
 .debug_macro   0x000000000000be21       0xb8 src/CMakeFiles/bosonBreakout.elf.dir/startup_samd51.c.o
 .debug_macro   0x000000000000bed9     0x1df7 src/CMakeFiles/bosonBreakout.elf.dir/startup_samd51.c.o
 .debug_macro   0x000000000000dcd0     0x2e69 src/CMakeFiles/bosonBreakout.elf.dir/startup_samd51.c.o
 .debug_macro   0x0000000000010b39     0x11ed src/CMakeFiles/bosonBreakout.elf.dir/startup_samd51.c.o
 .debug_macro   0x0000000000011d26      0x752 src/CMakeFiles/bosonBreakout.elf.dir/startup_samd51.c.o
 .debug_macro   0x0000000000012478     0x180c src/CMakeFiles/bosonBreakout.elf.dir/startup_samd51.c.o
 .debug_macro   0x0000000000013c84      0x930 src/CMakeFiles/bosonBreakout.elf.dir/startup_samd51.c.o
 .debug_macro   0x00000000000145b4     0x1ad8 src/CMakeFiles/bosonBreakout.elf.dir/startup_samd51.c.o
 .debug_macro   0x000000000001608c       0xe7 src/CMakeFiles/bosonBreakout.elf.dir/startup_samd51.c.o
 .debug_macro   0x0000000000016173     0x13e6 src/CMakeFiles/bosonBreakout.elf.dir/startup_samd51.c.o
 .debug_macro   0x0000000000017559      0x36a src/CMakeFiles/bosonBreakout.elf.dir/startup_samd51.c.o
 .debug_macro   0x00000000000178c3       0x94 src/CMakeFiles/bosonBreakout.elf.dir/startup_samd51.c.o
 .debug_macro   0x0000000000017957       0xdc src/CMakeFiles/bosonBreakout.elf.dir/startup_samd51.c.o
 .debug_macro   0x0000000000017a33       0xe2 src/CMakeFiles/bosonBreakout.elf.dir/startup_samd51.c.o
 .debug_macro   0x0000000000017b15       0xdc src/CMakeFiles/bosonBreakout.elf.dir/startup_samd51.c.o
 .debug_macro   0x0000000000017bf1       0x46 src/CMakeFiles/bosonBreakout.elf.dir/startup_samd51.c.o
 .debug_macro   0x0000000000017c37       0x4c src/CMakeFiles/bosonBreakout.elf.dir/startup_samd51.c.o
 .debug_macro   0x0000000000017c83       0xc4 src/CMakeFiles/bosonBreakout.elf.dir/startup_samd51.c.o
 .debug_macro   0x0000000000017d47      0x7d5 src/CMakeFiles/bosonBreakout.elf.dir/startup_samd51.c.o
 .debug_macro   0x000000000001851c      0x106 src/CMakeFiles/bosonBreakout.elf.dir/startup_samd51.c.o
 .debug_macro   0x0000000000018622       0x7c src/CMakeFiles/bosonBreakout.elf.dir/startup_samd51.c.o
 .debug_macro   0x000000000001869e      0xc2e src/CMakeFiles/bosonBreakout.elf.dir/startup_samd51.c.o
 .debug_macro   0x00000000000192cc       0x46 src/CMakeFiles/bosonBreakout.elf.dir/startup_samd51.c.o
 .debug_macro   0x0000000000019312      0x25b src/CMakeFiles/bosonBreakout.elf.dir/startup_samd51.c.o
 .debug_macro   0x000000000001956d      0x170 src/CMakeFiles/bosonBreakout.elf.dir/startup_samd51.c.o
 .debug_macro   0x00000000000196dd       0x7c src/CMakeFiles/bosonBreakout.elf.dir/startup_samd51.c.o
 .debug_macro   0x0000000000019759       0x4c src/CMakeFiles/bosonBreakout.elf.dir/startup_samd51.c.o
 .debug_macro   0x00000000000197a5       0x82 src/CMakeFiles/bosonBreakout.elf.dir/startup_samd51.c.o
 .debug_macro   0x0000000000019827      0x1a3 src/CMakeFiles/bosonBreakout.elf.dir/startup_samd51.c.o
 .debug_macro   0x00000000000199ca       0x46 src/CMakeFiles/bosonBreakout.elf.dir/startup_samd51.c.o
 .debug_macro   0x0000000000019a10       0x6a src/CMakeFiles/bosonBreakout.elf.dir/startup_samd51.c.o
 .debug_macro   0x0000000000019a7a       0x46 src/CMakeFiles/bosonBreakout.elf.dir/startup_samd51.c.o
 .debug_macro   0x0000000000019ac0       0x88 src/CMakeFiles/bosonBreakout.elf.dir/startup_samd51.c.o
 .debug_macro   0x0000000000019b48       0x46 src/CMakeFiles/bosonBreakout.elf.dir/startup_samd51.c.o
 .debug_macro   0x0000000000019b8e      0x24e src/CMakeFiles/bosonBreakout.elf.dir/startup_samd51.c.o
 .debug_macro   0x0000000000019ddc       0x76 src/CMakeFiles/bosonBreakout.elf.dir/startup_samd51.c.o
 .debug_macro   0x0000000000019e52       0x3a src/CMakeFiles/bosonBreakout.elf.dir/startup_samd51.c.o
 .debug_macro   0x0000000000019e8c       0x2e src/CMakeFiles/bosonBreakout.elf.dir/startup_samd51.c.o
 .debug_macro   0x0000000000019eba      0x196 src/CMakeFiles/bosonBreakout.elf.dir/startup_samd51.c.o
 .debug_macro   0x000000000001a050      0x16f src/CMakeFiles/bosonBreakout.elf.dir/startup_samd51.c.o
 .debug_macro   0x000000000001a1bf      0x25d src/CMakeFiles/bosonBreakout.elf.dir/startup_samd51.c.o
 .debug_macro   0x000000000001a41c      0x25d src/CMakeFiles/bosonBreakout.elf.dir/startup_samd51.c.o
 .debug_macro   0x000000000001a679      0x25d src/CMakeFiles/bosonBreakout.elf.dir/startup_samd51.c.o
 .debug_macro   0x000000000001a8d6      0x25d src/CMakeFiles/bosonBreakout.elf.dir/startup_samd51.c.o
 .debug_macro   0x000000000001ab33      0x25d src/CMakeFiles/bosonBreakout.elf.dir/startup_samd51.c.o
 .debug_macro   0x000000000001ad90      0x25d src/CMakeFiles/bosonBreakout.elf.dir/startup_samd51.c.o
 .debug_macro   0x000000000001afed       0x58 src/CMakeFiles/bosonBreakout.elf.dir/startup_samd51.c.o
 .debug_macro   0x000000000001b045      0x711 src/CMakeFiles/bosonBreakout.elf.dir/startup_samd51.c.o
 .debug_macro   0x000000000001b756       0xfa src/CMakeFiles/bosonBreakout.elf.dir/startup_samd51.c.o
 .debug_macro   0x000000000001b850       0xfa src/CMakeFiles/bosonBreakout.elf.dir/startup_samd51.c.o
 .debug_macro   0x000000000001b94a       0xfa src/CMakeFiles/bosonBreakout.elf.dir/startup_samd51.c.o
 .debug_macro   0x000000000001ba44       0xfa src/CMakeFiles/bosonBreakout.elf.dir/startup_samd51.c.o
 .debug_macro   0x000000000001bb3e      0x148 src/CMakeFiles/bosonBreakout.elf.dir/startup_samd51.c.o
 .debug_macro   0x000000000001bc86      0x124 src/CMakeFiles/bosonBreakout.elf.dir/startup_samd51.c.o
 .debug_macro   0x000000000001bdaa      0x106 src/CMakeFiles/bosonBreakout.elf.dir/startup_samd51.c.o
 .debug_macro   0x000000000001beb0       0x2e src/CMakeFiles/bosonBreakout.elf.dir/startup_samd51.c.o
 .debug_macro   0x000000000001bede      0x46a src/CMakeFiles/bosonBreakout.elf.dir/startup_samd51.c.o
 .debug_macro   0x000000000001c348       0x3a src/CMakeFiles/bosonBreakout.elf.dir/startup_samd51.c.o
 .debug_macro   0x000000000001c382      0x591 src/CMakeFiles/bosonBreakout.elf.dir/startup_samd51.c.o
 .debug_macro   0x000000000001c913     0x232c src/CMakeFiles/bosonBreakout.elf.dir/startup_samd51.c.o
 .debug_macro   0x000000000001ec3f       0xcf src/CMakeFiles/bosonBreakout.elf.dir/startup_samd51.c.o
 .debug_macro   0x000000000001ed0e      0x54d src/CMakeFiles/bosonBreakout.elf.dir/bosonBreakout/main.cpp.o
 .debug_macro   0x000000000001f25b      0x9a6 src/CMakeFiles/bosonBreakout.elf.dir/bosonBreakout/main.cpp.o
 .debug_macro   0x000000000001fc01      0xd39 src/CMakeFiles/bosonBreakout.elf.dir/bosonBreakout/main.cpp.o
 .debug_macro   0x000000000002093a       0x2e src/CMakeFiles/bosonBreakout.elf.dir/bosonBreakout/main.cpp.o
 .debug_macro   0x0000000000020968       0x22 src/CMakeFiles/bosonBreakout.elf.dir/bosonBreakout/main.cpp.o
 .debug_macro   0x000000000002098a       0x52 src/CMakeFiles/bosonBreakout.elf.dir/bosonBreakout/main.cpp.o
 .debug_macro   0x00000000000209dc       0x8d src/CMakeFiles/bosonBreakout.elf.dir/bosonBreakout/main.cpp.o
 .debug_macro   0x0000000000020a69       0x35 src/CMakeFiles/bosonBreakout.elf.dir/bosonBreakout/main.cpp.o
 .debug_macro   0x0000000000020a9e       0x9c src/CMakeFiles/bosonBreakout.elf.dir/bosonBreakout/main.cpp.o
 .debug_macro   0x0000000000020b3a       0x16 src/CMakeFiles/bosonBreakout.elf.dir/bosonBreakout/main.cpp.o
 .debug_macro   0x0000000000020b50       0x57 src/CMakeFiles/bosonBreakout.elf.dir/bosonBreakout/main.cpp.o
 .debug_macro   0x0000000000020ba7       0x97 src/CMakeFiles/bosonBreakout.elf.dir/bosonBreakout/main.cpp.o
 .debug_macro   0x0000000000020c3e      0x337 src/CMakeFiles/bosonBreakout.elf.dir/bosonBreakout/main.cpp.o
 .debug_macro   0x0000000000020f75      0x104 src/CMakeFiles/bosonBreakout.elf.dir/bosonBreakout/main.cpp.o
 .debug_macro   0x0000000000021079       0x10 src/CMakeFiles/bosonBreakout.elf.dir/bosonBreakout/main.cpp.o
 .debug_macro   0x0000000000021089       0x58 src/CMakeFiles/bosonBreakout.elf.dir/bosonBreakout/main.cpp.o
 .debug_macro   0x00000000000210e1       0x1f src/CMakeFiles/bosonBreakout.elf.dir/bosonBreakout/main.cpp.o
 .debug_macro   0x0000000000021100       0x43 src/CMakeFiles/bosonBreakout.elf.dir/bosonBreakout/main.cpp.o
 .debug_macro   0x0000000000021143       0x20 src/CMakeFiles/bosonBreakout.elf.dir/bosonBreakout/main.cpp.o
 .debug_macro   0x0000000000021163      0x187 src/CMakeFiles/bosonBreakout.elf.dir/bosonBreakout/main.cpp.o
 .debug_macro   0x00000000000212ea       0x10 src/CMakeFiles/bosonBreakout.elf.dir/bosonBreakout/main.cpp.o
 .debug_macro   0x00000000000212fa       0x6a src/CMakeFiles/bosonBreakout.elf.dir/bosonBreakout/main.cpp.o
 .debug_macro   0x0000000000021364       0x1c src/CMakeFiles/bosonBreakout.elf.dir/bosonBreakout/main.cpp.o
 .debug_macro   0x0000000000021380       0x52 src/CMakeFiles/bosonBreakout.elf.dir/bosonBreakout/main.cpp.o
 .debug_macro   0x00000000000213d2       0x40 src/CMakeFiles/bosonBreakout.elf.dir/bosonBreakout/main.cpp.o
 .debug_macro   0x0000000000021412       0x10 src/CMakeFiles/bosonBreakout.elf.dir/bosonBreakout/main.cpp.o
 .debug_macro   0x0000000000021422       0x40 src/CMakeFiles/bosonBreakout.elf.dir/bosonBreakout/main.cpp.o
 .debug_macro   0x0000000000021462       0xd7 src/CMakeFiles/bosonBreakout.elf.dir/bosonBreakout/main.cpp.o
 .debug_macro   0x0000000000021539       0x16 src/CMakeFiles/bosonBreakout.elf.dir/bosonBreakout/main.cpp.o
 .debug_macro   0x000000000002154f      0x18b src/CMakeFiles/bosonBreakout.elf.dir/bosonBreakout/main.cpp.o
 .debug_macro   0x00000000000216da       0x11 src/CMakeFiles/bosonBreakout.elf.dir/bosonBreakout/gen_bitstream.cpp.o

.debug_line     0x0000000000000000      0xd50
 .debug_line    0x0000000000000000      0x4fb src/CMakeFiles/bosonBreakout.elf.dir/startup_samd51.c.o
 .debug_line    0x00000000000004fb      0x80e src/CMakeFiles/bosonBreakout.elf.dir/bosonBreakout/main.cpp.o
 .debug_line    0x0000000000000d09       0x47 src/CMakeFiles/bosonBreakout.elf.dir/bosonBreakout/gen_bitstream.cpp.o

.debug_str      0x0000000000000000    0xd17be
 .debug_str     0x0000000000000000    0xcbf6d src/CMakeFiles/bosonBreakout.elf.dir/startup_samd51.c.o
                                      0xcc348 (size before relaxing)
 .debug_str     0x00000000000cbf6d     0x582a src/CMakeFiles/bosonBreakout.elf.dir/bosonBreakout/main.cpp.o
                                      0xd1077 (size before relaxing)
 .debug_str     0x00000000000d1797       0x27 src/CMakeFiles/bosonBreakout.elf.dir/bosonBreakout/gen_bitstream.cpp.o
                                       0x2a82 (size before relaxing)

.debug_frame    0x0000000000000000      0x124
 .debug_frame   0x0000000000000000       0x38 src/CMakeFiles/bosonBreakout.elf.dir/startup_samd51.c.o
 .debug_frame   0x0000000000000038       0xc0 src/CMakeFiles/bosonBreakout.elf.dir/bosonBreakout/main.cpp.o
 .debug_frame   0x00000000000000f8       0x2c /usr/bin/../lib/gcc/arm-none-eabi/6.3.1/../../../../arm-none-eabi/lib/thumb/v7e-m/libc_nano.a(lib_a-init.o)
